Archive member included to satisfy reference by file (symbol)

D:\code_temp\gimbal_ship\TEST_LAN8742\poll_R_T\gimbal\src\algorithm\arm_math\libarm_cortexM4lf_math.a(arm_mat_trans_f32.o)
                              CMakeFiles/gimbal.elf.dir/src/algorithm/QuaternionEKF/QuaternionEKF.c.obj (arm_mat_trans_f32)
D:\code_temp\gimbal_ship\TEST_LAN8742\poll_R_T\gimbal\src\algorithm\arm_math\libarm_cortexM4lf_math.a(arm_mat_sub_f32.o)
                              CMakeFiles/gimbal.elf.dir/src/algorithm/QuaternionEKF/QuaternionEKF.c.obj (arm_mat_sub_f32)
D:\code_temp\gimbal_ship\TEST_LAN8742\poll_R_T\gimbal\src\algorithm\arm_math\libarm_cortexM4lf_math.a(arm_mat_mult_f32.o)
                              CMakeFiles/gimbal.elf.dir/src/algorithm/QuaternionEKF/QuaternionEKF.c.obj (arm_mat_mult_f32)
D:\code_temp\gimbal_ship\TEST_LAN8742\poll_R_T\gimbal\src\algorithm\arm_math\libarm_cortexM4lf_math.a(arm_mat_inverse_f32.o)
                              CMakeFiles/gimbal.elf.dir/src/algorithm/QuaternionEKF/QuaternionEKF.c.obj (arm_mat_inverse_f32)
D:\code_temp\gimbal_ship\TEST_LAN8742\poll_R_T\gimbal\src\algorithm\arm_math\libarm_cortexM4lf_math.a(arm_mat_init_f32.o)
                              CMakeFiles/gimbal.elf.dir/src/algorithm/QuaternionEKF/QuaternionEKF.c.obj (arm_mat_init_f32)
D:\code_temp\gimbal_ship\TEST_LAN8742\poll_R_T\gimbal\src\algorithm\arm_math\libarm_cortexM4lf_math.a(arm_mat_add_f32.o)
                              CMakeFiles/gimbal.elf.dir/src/algorithm/QuaternionEKF/QuaternionEKF.c.obj (arm_mat_add_f32)
D:\code_temp\gimbal_ship\TEST_LAN8742\poll_R_T\gimbal\src\algorithm\arm_math\libarm_cortexM4lf_math.a(arm_sin_f32.o)
                              CMakeFiles/gimbal.elf.dir/src/task/ins/ins_task.c.obj (arm_sin_f32)
D:\code_temp\gimbal_ship\TEST_LAN8742\poll_R_T\gimbal\src\algorithm\arm_math\libarm_cortexM4lf_math.a(arm_cos_f32.o)
                              CMakeFiles/gimbal.elf.dir/src/task/ins/ins_task.c.obj (arm_cos_f32)
D:\code_temp\gimbal_ship\TEST_LAN8742\poll_R_T\gimbal\src\algorithm\arm_math\libarm_cortexM4lf_math.a(arm_common_tables.o)
                              D:\code_temp\gimbal_ship\TEST_LAN8742\poll_R_T\gimbal\src\algorithm\arm_math\libarm_cortexM4lf_math.a(arm_sin_f32.o) (sinTable_f32)
d:/stm32/gcc-arm-none-eabi-10.3-2021.10/bin/../lib/gcc/arm-none-eabi/10.3.1/thumb/v7e-m+fp/hard\libgcc.a(_arm_muldf3.o)
                              CMakeFiles/gimbal.elf.dir/src/modules/BMI088/transfer_function.c.obj (__aeabi_dmul)
d:/stm32/gcc-arm-none-eabi-10.3-2021.10/bin/../lib/gcc/arm-none-eabi/10.3.1/thumb/v7e-m+fp/hard\libgcc.a(_arm_addsubdf3.o)
                              CMakeFiles/gimbal.elf.dir/src/modules/BMI088/transfer_function.c.obj (__aeabi_dsub)
d:/stm32/gcc-arm-none-eabi-10.3-2021.10/bin/../lib/gcc/arm-none-eabi/10.3.1/thumb/v7e-m+fp/hard\libgcc.a(_arm_muldivdf3.o)
                              CMakeFiles/gimbal.elf.dir/src/modules/BMI088/transfer_function.c.obj (__aeabi_ddiv)
d:/stm32/gcc-arm-none-eabi-10.3-2021.10/bin/../lib/gcc/arm-none-eabi/10.3.1/thumb/v7e-m+fp/hard\libgcc.a(_aeabi_uldivmod.o)
                              CMakeFiles/gimbal.elf.dir/Drivers/STM32F4xx_HAL_Driver/Src/stm32f4xx_hal_rcc.c.obj (__aeabi_uldivmod)
d:/stm32/gcc-arm-none-eabi-10.3-2021.10/bin/../lib/gcc/arm-none-eabi/10.3.1/thumb/v7e-m+fp/hard\libgcc.a(_udivmoddi4.o)
                              d:/stm32/gcc-arm-none-eabi-10.3-2021.10/bin/../lib/gcc/arm-none-eabi/10.3.1/thumb/v7e-m+fp/hard\libgcc.a(_aeabi_uldivmod.o) (__udivmoddi4)
d:/stm32/gcc-arm-none-eabi-10.3-2021.10/bin/../lib/gcc/arm-none-eabi/10.3.1/thumb/v7e-m+fp/hard\libgcc.a(_dvmd_tls.o)
                              d:/stm32/gcc-arm-none-eabi-10.3-2021.10/bin/../lib/gcc/arm-none-eabi/10.3.1/thumb/v7e-m+fp/hard\libgcc.a(_aeabi_uldivmod.o) (__aeabi_ldiv0)
d:/stm32/gcc-arm-none-eabi-10.3-2021.10/bin/../lib/gcc/arm-none-eabi/10.3.1/../../../../arm-none-eabi/lib/thumb/v7e-m+fp/hard\libg.a(lib_a-atoi.o)
                              CMakeFiles/gimbal.elf.dir/Middlewares/Third_Party/LwIP/src/core/netif.c.obj (atoi)
d:/stm32/gcc-arm-none-eabi-10.3-2021.10/bin/../lib/gcc/arm-none-eabi/10.3.1/../../../../arm-none-eabi/lib/thumb/v7e-m+fp/hard\libg.a(lib_a-ctype_.o)
                              CMakeFiles/gimbal.elf.dir/Middlewares/Third_Party/LwIP/src/core/ipv4/ip4_addr.c.obj (_ctype_)
d:/stm32/gcc-arm-none-eabi-10.3-2021.10/bin/../lib/gcc/arm-none-eabi/10.3.1/../../../../arm-none-eabi/lib/thumb/v7e-m+fp/hard\libg.a(lib_a-exit.o)
                              d:/stm32/gcc-arm-none-eabi-10.3-2021.10/bin/../lib/gcc/arm-none-eabi/10.3.1/../../../../arm-none-eabi/lib/thumb/v7e-m+fp/hard/crt0.o (exit)
d:/stm32/gcc-arm-none-eabi-10.3-2021.10/bin/../lib/gcc/arm-none-eabi/10.3.1/../../../../arm-none-eabi/lib/thumb/v7e-m+fp/hard\libg.a(lib_a-impure.o)
                              d:/stm32/gcc-arm-none-eabi-10.3-2021.10/bin/../lib/gcc/arm-none-eabi/10.3.1/../../../../arm-none-eabi/lib/thumb/v7e-m+fp/hard\libg.a(lib_a-exit.o) (_global_impure_ptr)
[...]
Memory Configuration

Name             Origin             Length             Attributes
CCMRAM           0x10000000         0x00010000         xrw
RAM              0x20000000         0x00020000         xrw
FLASH            0x08000000         0x00080000         xr
*default*        0x00000000         0xffffffff

Linker script and memory map

LOAD d:/stm32/gcc-arm-none-eabi-10.3-2021.10/bin/../lib/gcc/arm-none-eabi/10.3.1/thumb/v7e-m+fp/hard/crti.o
LOAD d:/stm32/gcc-arm-none-eabi-10.3-2021.10/bin/../lib/gcc/arm-none-eabi/10.3.1/thumb/v7e-m+fp/hard/crtbegin.o
LOAD d:/stm32/gcc-arm-none-eabi-10.3-2021.10/bin/../lib/gcc/arm-none-eabi/10.3.1/../../../../arm-none-eabi/lib/thumb/v7e-m+fp/hard/crt0.o
LOAD CMakeFiles/gimbal.elf.dir/Core/Src/can.c.obj
LOAD CMakeFiles/gimbal.elf.dir/Core/Src/dma.c.obj
LOAD CMakeFiles/gimbal.elf.dir/Core/Src/freertos.c.obj
LOAD CMakeFiles/gimbal.elf.dir/Core/Src/gpio.c.obj
LOAD CMakeFiles/gimbal.elf.dir/Core/Src/main.c.obj
LOAD CMakeFiles/gimbal.elf.dir/Core/Src/spi.c.obj
LOAD CMakeFiles/gimbal.elf.dir/Core/Src/stm32f4xx_hal_msp.c.obj
LOAD CMakeFiles/gimbal.elf.dir/Core/Src/stm32f4xx_hal_timebase_tim.c.obj
LOAD CMakeFiles/gimbal.elf.dir/Core/Src/stm32f4xx_it.c.obj
LOAD CMakeFiles/gimbal.elf.dir/Core/Src/syscalls.c.obj
LOAD CMakeFiles/gimbal.elf.dir/Core/Src/sysmem.c.obj
LOAD CMakeFiles/gimbal.elf.dir/Core/Src/system_stm32f4xx.c.obj
LOAD CMakeFiles/gimbal.elf.dir/Core/Src/tim.c.obj
LOAD CMakeFiles/gimbal.elf.dir/Core/Src/usart.c.obj
LOAD CMakeFiles/gimbal.elf.dir/Core/Startup/startup_stm32f407vetx.s.obj
LOAD CMakeFiles/gimbal.elf.dir/Drivers/STM32F4xx_HAL_Driver/Src/stm32f4xx_hal.c.obj
LOAD CMakeFiles/gimbal.elf.dir/Drivers/STM32F4xx_HAL_Driver/Src/stm32f4xx_hal_can.c.obj
LOAD CMakeFiles/gimbal.elf.dir/Drivers/STM32F4xx_HAL_Driver/Src/stm32f4xx_hal_cortex.c.obj
LOAD CMakeFiles/gimbal.elf.dir/Drivers/STM32F4xx_HAL_Driver/Src/stm32f4xx_hal_dma.c.obj
LOAD CMakeFiles/gimbal.elf.dir/Drivers/STM32F4xx_HAL_Driver/Src/stm32f4xx_hal_dma_ex.c.obj
LOAD CMakeFiles/gimbal.elf.dir/Drivers/STM32F4xx_HAL_Driver/Src/stm32f4xx_hal_eth.c.obj
LOAD CMakeFiles/gimbal.elf.dir/Drivers/STM32F4xx_HAL_Driver/Src/stm32f4xx_hal_exti.c.obj
LOAD CMakeFiles/gimbal.elf.dir/Drivers/STM32F4xx_HAL_Driver/Src/stm32f4xx_hal_flash.c.obj
LOAD CMakeFiles/gimbal.elf.dir/Drivers/STM32F4xx_HAL_Driver/Src/stm32f4xx_hal_flash_ex.c.obj
LOAD CMakeFiles/gimbal.elf.dir/Drivers/STM32F4xx_HAL_Driver/Src/stm32f4xx_hal_flash_ramfunc.c.obj
LOAD CMakeFiles/gimbal.elf.dir/Drivers/STM32F4xx_HAL_Driver/Src/stm32f4xx_hal_gpio.c.obj
LOAD CMakeFiles/gimbal.elf.dir/Drivers/STM32F4xx_HAL_Driver/Src/stm32f4xx_hal_pwr.c.obj
LOAD CMakeFiles/gimbal.elf.dir/Drivers/STM32F4xx_HAL_Driver/Src/stm32f4xx_hal_pwr_ex.c.obj
LOAD CMakeFiles/gimbal.elf.dir/Drivers/STM32F4xx_HAL_Driver/Src/stm32f4xx_hal_rcc.c.obj
LOAD CMakeFiles/gimbal.elf.dir/Drivers/STM32F4xx_HAL_Driver/Src/stm32f4xx_hal_rcc_ex.c.obj
LOAD CMakeFiles/gimbal.elf.dir/Drivers/STM32F4xx_HAL_Driver/Src/stm32f4xx_hal_spi.c.obj
LOAD CMakeFiles/gimbal.elf.dir/Drivers/STM32F4xx_HAL_Driver/Src/stm32f4xx_hal_tim.c.obj
LOAD CMakeFiles/gimbal.elf.dir/Drivers/STM32F4xx_HAL_Driver/Src/stm32f4xx_hal_tim_ex.c.obj
LOAD CMakeFiles/gimbal.elf.dir/Drivers/STM32F4xx_HAL_Driver/Src/stm32f4xx_hal_uart.c.obj
LOAD CMakeFiles/gimbal.elf.dir/LWIP/App/lwip.c.obj
LOAD CMakeFiles/gimbal.elf.dir/LWIP/Target/ethernetif.c.obj
LOAD CMakeFiles/gimbal.elf.dir/Middlewares/Third_Party/FreeRTOS/Source/CMSIS_RTOS/cmsis_os.c.obj
LOAD CMakeFiles/gimbal.elf.dir/Middlewares/Third_Party/FreeRTOS/Source/croutine.c.obj
LOAD CMakeFiles/gimbal.elf.dir/Middlewares/Third_Party/FreeRTOS/Source/event_groups.c.obj
LOAD CMakeFiles/gimbal.elf.dir/Middlewares/Third_Party/FreeRTOS/Source/list.c.obj
LOAD CMakeFiles/gimbal.elf.dir/Middlewares/Third_Party/FreeRTOS/Source/portable/GCC/ARM_CM4F/port.c.obj
LOAD CMakeFiles/gimbal.elf.dir/Middlewares/Third_Party/FreeRTOS/Source/portable/MemMang/heap_4.c.obj
LOAD CMakeFiles/gimbal.elf.dir/Middlewares/Third_Party/FreeRTOS/Source/queue.c.obj
LOAD CMakeFiles/gimbal.elf.dir/Middlewares/Third_Party/FreeRTOS/Source/stream_buffer.c.obj
LOAD CMakeFiles/gimbal.elf.dir/Middlewares/Third_Party/FreeRTOS/Source/tasks.c.obj
LOAD CMakeFiles/gimbal.elf.dir/Middlewares/Third_Party/FreeRTOS/Source/timers.c.obj
LOAD CMakeFiles/gimbal.elf.dir/Middlewares/Third_Party/LwIP/src/api/api_lib.c.obj
LOAD CMakeFiles/gimbal.elf.dir/Middlewares/Third_Party/LwIP/src/api/api_msg.c.obj
LOAD CMakeFiles/gimbal.elf.dir/Middlewares/Third_Party/LwIP/src/api/err.c.obj
LOAD CMakeFiles/gimbal.elf.dir/Middlewares/Third_Party/LwIP/src/api/if_api.c.obj
LOAD CMakeFiles/gimbal.elf.dir/Middlewares/Third_Party/LwIP/src/api/netbuf.c.obj
LOAD CMakeFiles/gimbal.elf.dir/Middlewares/Third_Party/LwIP/src/api/netdb.c.obj
LOAD CMakeFiles/gimbal.elf.dir/Middlewares/Third_Party/LwIP/src/api/netifapi.c.obj
LOAD CMakeFiles/gimbal.elf.dir/Middlewares/Third_Party/LwIP/src/api/sockets.c.obj
LOAD CMakeFiles/gimbal.elf.dir/Middlewares/Third_Party/LwIP/src/api/tcpip.c.obj
LOAD CMakeFiles/gimbal.elf.dir/Middlewares/Third_Party/LwIP/src/apps/mqtt/mqtt.c.obj
LOAD CMakeFiles/gimbal.elf.dir/Middlewares/Third_Party/LwIP/src/core/altcp.c.obj
LOAD CMakeFiles/gimbal.elf.dir/Middlewares/Third_Party/LwIP/src/core/altcp_alloc.c.obj
LOAD CMakeFiles/gimbal.elf.dir/Middlewares/Third_Party/LwIP/src/core/altcp_tcp.c.obj
LOAD CMakeFiles/gimbal.elf.dir/Middlewares/Third_Party/LwIP/src/core/def.c.obj
LOAD CMakeFiles/gimbal.elf.dir/Middlewares/Third_Party/LwIP/src/core/dns.c.obj
LOAD CMakeFiles/gimbal.elf.dir/Middlewares/Third_Party/LwIP/src/core/inet_chksum.c.obj
LOAD CMakeFiles/gimbal.elf.dir/Middlewares/Third_Party/LwIP/src/core/init.c.obj
LOAD CMakeFiles/gimbal.elf.dir/Middlewares/Third_Party/LwIP/src/core/ip.c.obj
LOAD CMakeFiles/gimbal.elf.dir/Middlewares/Third_Party/LwIP/src/core/ipv4/autoip.c.obj
LOAD CMakeFiles/gimbal.elf.dir/Middlewares/Third_Party/LwIP/src/core/ipv4/dhcp.c.obj
LOAD CMakeFiles/gimbal.elf.dir/Middlewares/Third_Party/LwIP/src/core/ipv4/etharp.c.obj
LOAD CMakeFiles/gimbal.elf.dir/Middlewares/Third_Party/LwIP/src/core/ipv4/icmp.c.obj
LOAD CMakeFiles/gimbal.elf.dir/Middlewares/Third_Party/LwIP/src/core/ipv4/igmp.c.obj
LOAD CMakeFiles/gimbal.elf.dir/Middlewares/Third_Party/LwIP/src/core/ipv4/ip4.c.obj
LOAD CMakeFiles/gimbal.elf.dir/Middlewares/Third_Party/LwIP/src/core/ipv4/ip4_addr.c.obj
LOAD CMakeFiles/gimbal.elf.dir/Middlewares/Third_Party/LwIP/src/core/ipv4/ip4_frag.c.obj
LOAD CMakeFiles/gimbal.elf.dir/Middlewares/Third_Party/LwIP/src/core/ipv6/dhcp6.c.obj
LOAD CMakeFiles/gimbal.elf.dir/Middlewares/Third_Party/LwIP/src/core/ipv6/ethip6.c.obj
LOAD CMakeFiles/gimbal.elf.dir/Middlewares/Third_Party/LwIP/src/core/ipv6/icmp6.c.obj
LOAD CMakeFiles/gimbal.elf.dir/Middlewares/Third_Party/LwIP/src/core/ipv6/inet6.c.obj
LOAD CMakeFiles/gimbal.elf.dir/Middlewares/Third_Party/LwIP/src/core/ipv6/ip6.c.obj
LOAD CMakeFiles/gimbal.elf.dir/Middlewares/Third_Party/LwIP/src/core/ipv6/ip6_addr.c.obj
LOAD CMakeFiles/gimbal.elf.dir/Middlewares/Third_Party/LwIP/src/core/ipv6/ip6_frag.c.obj
LOAD CMakeFiles/gimbal.elf.dir/Middlewares/Third_Party/LwIP/src/core/ipv6/mld6.c.obj
LOAD CMakeFiles/gimbal.elf.dir/Middlewares/Third_Party/LwIP/src/core/ipv6/nd6.c.obj
LOAD CMakeFiles/gimbal.elf.dir/Middlewares/Third_Party/LwIP/src/core/mem.c.obj
LOAD CMakeFiles/gimbal.elf.dir/Middlewares/Third_Party/LwIP/src/core/memp.c.obj
LOAD CMakeFiles/gimbal.elf.dir/Middlewares/Third_Party/LwIP/src/core/netif.c.obj
LOAD CMakeFiles/gimbal.elf.dir/Middlewares/Third_Party/LwIP/src/core/pbuf.c.obj
LOAD CMakeFiles/gimbal.elf.dir/Middlewares/Third_Party/LwIP/src/core/raw.c.obj
LOAD CMakeFiles/gimbal.elf.dir/Middlewares/Third_Party/LwIP/src/core/stats.c.obj
LOAD CMakeFiles/gimbal.elf.dir/Middlewares/Third_Party/LwIP/src/core/sys.c.obj
LOAD CMakeFiles/gimbal.elf.dir/Middlewares/Third_Party/LwIP/src/core/tcp.c.obj
LOAD CMakeFiles/gimbal.elf.dir/Middlewares/Third_Party/LwIP/src/core/tcp_in.c.obj
LOAD CMakeFiles/gimbal.elf.dir/Middlewares/Third_Party/LwIP/src/core/tcp_out.c.obj
LOAD CMakeFiles/gimbal.elf.dir/Middlewares/Third_Party/LwIP/src/core/timeouts.c.obj
LOAD CMakeFiles/gimbal.elf.dir/Middlewares/Third_Party/LwIP/src/core/udp.c.obj
LOAD CMakeFiles/gimbal.elf.dir/Middlewares/Third_Party/LwIP/src/netif/bridgeif.c.obj
LOAD CMakeFiles/gimbal.elf.dir/Middlewares/Third_Party/LwIP/src/netif/bridgeif_fdb.c.obj
LOAD CMakeFiles/gimbal.elf.dir/Middlewares/Third_Party/LwIP/src/netif/ethernet.c.obj
LOAD CMakeFiles/gimbal.elf.dir/Middlewares/Third_Party/LwIP/src/netif/lowpan6.c.obj
LOAD CMakeFiles/gimbal.elf.dir/Middlewares/Third_Party/LwIP/src/netif/lowpan6_ble.c.obj
LOAD CMakeFiles/gimbal.elf.dir/Middlewares/Third_Party/LwIP/src/netif/lowpan6_common.c.obj
LOAD CMakeFiles/gimbal.elf.dir/Middlewares/Third_Party/LwIP/src/netif/ppp/auth.c.obj
LOAD CMakeFiles/gimbal.elf.dir/Middlewares/Third_Party/LwIP/src/netif/ppp/ccp.c.obj
LOAD CMakeFiles/gimbal.elf.dir/Middlewares/Third_Party/LwIP/src/netif/ppp/chap-md5.c.obj
LOAD CMakeFiles/gimbal.elf.dir/Middlewares/Third_Party/LwIP/src/netif/ppp/chap-new.c.obj
LOAD CMakeFiles/gimbal.elf.dir/Middlewares/Third_Party/LwIP/src/netif/ppp/chap_ms.c.obj
LOAD CMakeFiles/gimbal.elf.dir/Middlewares/Third_Party/LwIP/src/netif/ppp/demand.c.obj
LOAD CMakeFiles/gimbal.elf.dir/Middlewares/Third_Party/LwIP/src/netif/ppp/eap.c.obj
LOAD CMakeFiles/gimbal.elf.dir/Middlewares/Third_Party/LwIP/src/netif/ppp/ecp.c.obj
LOAD CMakeFiles/gimbal.elf.dir/Middlewares/Third_Party/LwIP/src/netif/ppp/eui64.c.obj
LOAD CMakeFiles/gimbal.elf.dir/Middlewares/Third_Party/LwIP/src/netif/ppp/fsm.c.obj
LOAD CMakeFiles/gimbal.elf.dir/Middlewares/Third_Party/LwIP/src/netif/ppp/ipcp.c.obj
LOAD CMakeFiles/gimbal.elf.dir/Middlewares/Third_Party/LwIP/src/netif/ppp/ipv6cp.c.obj
LOAD CMakeFiles/gimbal.elf.dir/Middlewares/Third_Party/LwIP/src/netif/ppp/lcp.c.obj
LOAD CMakeFiles/gimbal.elf.dir/Middlewares/Third_Party/LwIP/src/netif/ppp/magic.c.obj
LOAD CMakeFiles/gimbal.elf.dir/Middlewares/Third_Party/LwIP/src/netif/ppp/mppe.c.obj
LOAD CMakeFiles/gimbal.elf.dir/Middlewares/Third_Party/LwIP/src/netif/ppp/multilink.c.obj
LOAD CMakeFiles/gimbal.elf.dir/Middlewares/Third_Party/LwIP/src/netif/ppp/ppp.c.obj
LOAD CMakeFiles/gimbal.elf.dir/Middlewares/Third_Party/LwIP/src/netif/ppp/pppapi.c.obj
LOAD CMakeFiles/gimbal.elf.dir/Middlewares/Third_Party/LwIP/src/netif/ppp/pppcrypt.c.obj
LOAD CMakeFiles/gimbal.elf.dir/Middlewares/Third_Party/LwIP/src/netif/ppp/pppoe.c.obj
LOAD CMakeFiles/gimbal.elf.dir/Middlewares/Third_Party/LwIP/src/netif/ppp/pppol2tp.c.obj
LOAD CMakeFiles/gimbal.elf.dir/Middlewares/Third_Party/LwIP/src/netif/ppp/pppos.c.obj
LOAD CMakeFiles/gimbal.elf.dir/Middlewares/Third_Party/LwIP/src/netif/ppp/upap.c.obj
LOAD CMakeFiles/gimbal.elf.dir/Middlewares/Third_Party/LwIP/src/netif/ppp/utils.c.obj
LOAD CMakeFiles/gimbal.elf.dir/Middlewares/Third_Party/LwIP/src/netif/ppp/vj.c.obj
LOAD CMakeFiles/gimbal.elf.dir/Middlewares/Third_Party/LwIP/src/netif/slipif.c.obj
LOAD CMakeFiles/gimbal.elf.dir/Middlewares/Third_Party/LwIP/src/netif/zepif.c.obj
LOAD CMakeFiles/gimbal.elf.dir/Middlewares/Third_Party/LwIP/system/OS/sys_arch.c.obj
LOAD CMakeFiles/gimbal.elf.dir/src/algorithm/QuaternionEKF/QuaternionEKF.c.obj
LOAD CMakeFiles/gimbal.elf.dir/src/algorithm/kalman_filter/kalman_filter.c.obj
LOAD CMakeFiles/gimbal.elf.dir/src/algorithm/pid/pid.c.obj
LOAD CMakeFiles/gimbal.elf.dir/src/algorithm/ramp/ramp.c.obj
LOAD CMakeFiles/gimbal.elf.dir/src/algorithm/user_lib/user_lib.c.obj
LOAD CMakeFiles/gimbal.elf.dir/src/modules/BMI088/BMI088Middleware.c.obj
LOAD CMakeFiles/gimbal.elf.dir/src/modules/BMI088/BMI088driver.c.obj
LOAD CMakeFiles/gimbal.elf.dir/src/modules/BMI088/transfer_function.c.obj
LOAD CMakeFiles/gimbal.elf.dir/src/modules/can/hal_can.c.obj
LOAD CMakeFiles/gimbal.elf.dir/src/modules/dwt/drv_dwt.c.obj
LOAD CMakeFiles/gimbal.elf.dir/src/modules/ipc/uMCN.c.obj
LOAD CMakeFiles/gimbal.elf.dir/src/modules/motor/DJI_motor/dji_motor.c.obj
LOAD CMakeFiles/gimbal.elf.dir/src/modules/pwm/drv_PWM.c.obj
LOAD CMakeFiles/gimbal.elf.dir/src/modules/rc/sbus/rc_sbus.c.obj
LOAD CMakeFiles/gimbal.elf.dir/src/robot.c.obj
LOAD CMakeFiles/gimbal.elf.dir/src/task/cmd/cmd_task.c.obj
LOAD CMakeFiles/gimbal.elf.dir/src/task/gimbal/gimbal_task.c.obj
LOAD CMakeFiles/gimbal.elf.dir/src/task/ins/ins_task.c.obj
LOAD CMakeFiles/gimbal.elf.dir/src/task/motor/motor_task.c.obj
LOAD CMakeFiles/gimbal.elf.dir/src/task/trans/trans.c.obj
LOAD D:\code_temp\gimbal_ship\TEST_LAN8742\poll_R_T\gimbal\src\algorithm\arm_math\libarm_cortexM4lf_math.a
START GROUP
LOAD d:/stm32/gcc-arm-none-eabi-10.3-2021.10/bin/../lib/gcc/arm-none-eabi/10.3.1/thumb/v7e-m+fp/hard\libgcc.a
LOAD d:/stm32/gcc-arm-none-eabi-10.3-2021.10/bin/../lib/gcc/arm-none-eabi/10.3.1/../../../../arm-none-eabi/lib/thumb/v7e-m+fp/hard\libg.a
LOAD d:/stm32/gcc-arm-none-eabi-10.3-2021.10/bin/../lib/gcc/arm-none-eabi/10.3.1/../../../../arm-none-eabi/lib/thumb/v7e-m+fp/hard\libc.a
END GROUP
LOAD d:/stm32/gcc-arm-none-eabi-10.3-2021.10/bin/../lib/gcc/arm-none-eabi/10.3.1/thumb/v7e-m+fp/hard/crtend.o
LOAD d:/stm32/gcc-arm-none-eabi-10.3-2021.10/bin/../lib/gcc/arm-none-eabi/10.3.1/thumb/v7e-m+fp/hard/crtn.o
                0x20020000                _estack = (ORIGIN (RAM) + LENGTH (RAM))
                0x00007000                _Min_Heap_Size = 0x7000
                0x00008000                _Min_Stack_Size = 0x8000

.isr_vector     0x08000000      0x188
                0x08000000                . = ALIGN (0x4)
 *(.isr_vector)
 .isr_vector    0x08000000      0x188 CMakeFiles/gimbal.elf.dir/Core/Startup/startup_stm32f407vetx.s.obj
                0x08000000                g_pfnVectors
                0x08000188                . = ALIGN (0x4)

.text           0x080001c0    0x1d1a4
                0x080001c0                . = ALIGN (0x4)
 *(.text)
 .text          0x080001c0       0x40 d:/stm32/gcc-arm-none-eabi-10.3-2021.10/bin/../lib/gcc/arm-none-eabi/10.3.1/thumb/v7e-m+fp/hard/crtbegin.o
 .text          0x08000200      0x378 d:/stm32/gcc-arm-none-eabi-10.3-2021.10/bin/../lib/gcc/arm-none-eabi/10.3.1/thumb/v7e-m+fp/hard\libgcc.a(_arm_addsubdf3.o)
                0x08000200                __aeabi_drsub
                0x08000208                __aeabi_dsub
                0x08000208                __subdf3
                0x0800020c                __aeabi_dadd
                0x0800020c                __adddf3
                0x08000484                __floatunsidf
                0x08000484                __aeabi_ui2d
                0x080004a4                __floatsidf
                0x080004a4                __aeabi_i2d
                0x080004c8                __aeabi_f2d
                0x080004c8                __extendsfdf2
                0x0800050c                __floatundidf
                0x0800050c                __aeabi_ul2d
                0x0800051c                __floatdidf
                0x0800051c                __aeabi_l2d
 .text          0x08000578      0x424 d:/stm32/gcc-arm-none-eabi-10.3-2021.10/bin/../lib/gcc/arm-none-eabi/10.3.1/thumb/v7e-m+fp/hard\libgcc.a(_arm_muldivdf3.o)
                0x08000578                __aeabi_dmul
                0x08000578                __muldf3
                0x080007cc                __divdf3
                0x080007cc                __aeabi_ddiv
 .text          0x0800099c       0x30 d:/stm32/gcc-arm-none-eabi-10.3-2021.10/bin/../lib/gcc/arm-none-eabi/10.3.1/thumb/v7e-m+fp/hard\libgcc.a(_aeabi_uldivmod.o)
                0x0800099c                __aeabi_uldivmod
 .text          0x080009cc      0x2d0 d:/stm32/gcc-arm-none-eabi-10.3-2021.10/bin/../lib/gcc/arm-none-eabi/10.3.1/thumb/v7e-m+fp/hard\libgcc.a(_udivmoddi4.o)
                0x080009cc                __udivmoddi4
 .text          0x08000c9c        0x4 d:/stm32/gcc-arm-none-eabi-10.3-2021.10/bin/../lib/gcc/arm-none-eabi/10.3.1/thumb/v7e-m+fp/hard\libgcc.a(_dvmd_tls.o)
                0x08000c9c                __aeabi_idiv0
                0x08000c9c                __aeabi_ldiv0
 .text          0x08000ca0      0x134 d:/stm32/gcc-arm-none-eabi-10.3-2021.10/bin/../lib/gcc/arm-none-eabi/10.3.1/../../../../arm-none-eabi/lib/thumb/v7e-m+fp/hard\libg.a(lib_a-memcpy.o)
                0x08000ca0                memcpy
 *fill*         0x08000dd4       0x2c 
 .text          0x08000e00       0xdc d:/stm32/gcc-arm-none-eabi-10.3-2021.10/bin/../lib/gcc/arm-none-eabi/10.3.1/../../../../arm-none-eabi/lib/thumb/v7e-m+fp/hard\libg.a(lib_a-strlen.o)
                0x08000e00                strlen
 *fill*         0x08000edc        0x4 
 .text          0x08000ee0       0xa0 d:/stm32/gcc-arm-none-eabi-10.3-2021.10/bin/../lib/gcc/arm-none-eabi/10.3.1/../../../../arm-none-eabi/lib/thumb/v7e-m+fp/hard\libg.a(lib_a-memchr.o)
                0x08000ee0                memchr
 .text          0x08000f80      0x110 d:/stm32/gcc-arm-none-eabi-10.3-2021.10/bin/../lib/gcc/arm-none-eabi/10.3.1/thumb/v7e-m+fp/hard\libgcc.a(_arm_cmpdf2.o)
                0x08000f80                __gtdf2
                0x08000f80                __gedf2
                0x08000f88                __ltdf2
                0x08000f88                __ledf2
                0x08000f90                __nedf2
                0x08000f90                __eqdf2
                0x08000f90                __cmpdf2
                0x0800100c                __aeabi_cdrcmple
                0x0800101c                __aeabi_cdcmpeq
                0x0800101c                __aeabi_cdcmple
                0x0800102c                __aeabi_dcmpeq
                0x08001040                __aeabi_dcmplt
                0x08001054                __aeabi_dcmple
                0x08001068                __aeabi_dcmpge
                0x0800107c                __aeabi_dcmpgt
 .text          0x08001090       0x2c d:/stm32/gcc-arm-none-eabi-10.3-2021.10/bin/../lib/gcc/arm-none-eabi/10.3.1/thumb/v7e-m+fp/hard\libgcc.a(_arm_unorddf2.o)
                0x08001090                __unorddf2
                0x08001090                __aeabi_dcmpun
 .text          0x080010bc       0x50 d:/stm32/gcc-arm-none-eabi-10.3-2021.10/bin/../lib/gcc/arm-none-eabi/10.3.1/thumb/v7e-m+fp/hard\libgcc.a(_arm_fixdfsi.o)
                0x080010bc                __aeabi_d2iz
                0x080010bc                __fixdfsi
 *(.text*)
 .text.MX_CAN1_Init
                0x0800110c       0x40 CMakeFiles/gimbal.elf.dir/Core/Src/can.c.obj
                0x0800110c                MX_CAN1_Init
 .text.HAL_CAN_MspInit
                0x0800114c       0x80 CMakeFiles/gimbal.elf.dir/Core/Src/can.c.obj
                0x0800114c                HAL_CAN_MspInit
 .text.MX_DMA_Init
                0x080011cc       0x68 CMakeFiles/gimbal.elf.dir/Core/Src/dma.c.obj
                0x080011cc                MX_DMA_Init
 .text.StartDefaultTask
                0x08001234       0x1c CMakeFiles/gimbal.elf.dir/Core/Src/freertos.c.obj
                0x08001234                StartDefaultTask
 .text.vApplicationGetIdleTaskMemory
                0x08001250       0x18 CMakeFiles/gimbal.elf.dir/Core/Src/freertos.c.obj
                0x08001250                vApplicationGetIdleTaskMemory
 .text.MX_FREERTOS_Init
                0x08001268       0x30 CMakeFiles/gimbal.elf.dir/Core/Src/freertos.c.obj
                0x08001268                MX_FREERTOS_Init
 .text.MX_GPIO_Init
                0x08001298      0x124 CMakeFiles/gimbal.elf.dir/Core/Src/gpio.c.obj
                0x08001298                MX_GPIO_Init
 .text.HAL_TIM_PeriodElapsedCallback
                0x080013bc       0x18 CMakeFiles/gimbal.elf.dir/Core/Src/main.c.obj
                0x080013bc                HAL_TIM_PeriodElapsedCallback
 .text.Error_Handler
                0x080013d4        0x4 CMakeFiles/gimbal.elf.dir/Core/Src/main.c.obj
                0x080013d4                Error_Handler
 .text.SystemClock_Config
                0x080013d8       0xa8 CMakeFiles/gimbal.elf.dir/Core/Src/main.c.obj
                0x080013d8                SystemClock_Config
 .text.main     0x08001480       0x74 CMakeFiles/gimbal.elf.dir/Core/Src/main.c.obj
                0x08001480                main
 .text.MX_SPI1_Init
                0x080014f4       0x48 CMakeFiles/gimbal.elf.dir/Core/Src/spi.c.obj
                0x080014f4                MX_SPI1_Init
 .text.HAL_SPI_MspInit
                0x0800153c      0x124 CMakeFiles/gimbal.elf.dir/Core/Src/spi.c.obj
                0x0800153c                HAL_SPI_MspInit
 .text.HAL_MspInit
                0x08001660       0x44 CMakeFiles/gimbal.elf.dir/Core/Src/stm32f4xx_hal_msp.c.obj
                0x08001660                HAL_MspInit
 .text.HAL_InitTick
                0x080016a4       0x7c CMakeFiles/gimbal.elf.dir/Core/Src/stm32f4xx_hal_timebase_tim.c.obj
                0x080016a4                HAL_InitTick
 .text.NMI_Handler
                0x08001720        0x2 CMakeFiles/gimbal.elf.dir/Core/Src/stm32f4xx_it.c.obj
                0x08001720                NMI_Handler
 .text.HardFault_Handler
                0x08001722        0x2 CMakeFiles/gimbal.elf.dir/Core/Src/stm32f4xx_it.c.obj
                0x08001722                HardFault_Handler
 .text.MemManage_Handler
                0x08001724        0x2 CMakeFiles/gimbal.elf.dir/Core/Src/stm32f4xx_it.c.obj
                0x08001724                MemManage_Handler
 .text.BusFault_Handler
                0x08001726        0x2 CMakeFiles/gimbal.elf.dir/Core/Src/stm32f4xx_it.c.obj
                0x08001726                BusFault_Handler
 .text.UsageFault_Handler
                0x08001728        0x2 CMakeFiles/gimbal.elf.dir/Core/Src/stm32f4xx_it.c.obj
                0x08001728                UsageFault_Handler
 .text.DebugMon_Handler
                0x0800172a        0x2 CMakeFiles/gimbal.elf.dir/Core/Src/stm32f4xx_it.c.obj
                0x0800172a                DebugMon_Handler
 .text.DMA1_Stream1_IRQHandler
                0x0800172c       0x10 CMakeFiles/gimbal.elf.dir/Core/Src/stm32f4xx_it.c.obj
                0x0800172c                DMA1_Stream1_IRQHandler
 .text.CAN1_RX0_IRQHandler
                0x0800173c       0x10 CMakeFiles/gimbal.elf.dir/Core/Src/stm32f4xx_it.c.obj
                0x0800173c                CAN1_RX0_IRQHandler
 .text.TIM1_UP_TIM10_IRQHandler
                0x0800174c       0x10 CMakeFiles/gimbal.elf.dir/Core/Src/stm32f4xx_it.c.obj
                0x0800174c                TIM1_UP_TIM10_IRQHandler
 .text.TIM2_IRQHandler
                0x0800175c       0x10 CMakeFiles/gimbal.elf.dir/Core/Src/stm32f4xx_it.c.obj
                0x0800175c                TIM2_IRQHandler
 .text.TIM3_IRQHandler
                0x0800176c       0x10 CMakeFiles/gimbal.elf.dir/Core/Src/stm32f4xx_it.c.obj
                0x0800176c                TIM3_IRQHandler
 .text.USART3_IRQHandler
                0x0800177c       0xe0 CMakeFiles/gimbal.elf.dir/Core/Src/stm32f4xx_it.c.obj
                0x0800177c                USART3_IRQHandler
 .text.DMA2_Stream0_IRQHandler
                0x0800185c       0x10 CMakeFiles/gimbal.elf.dir/Core/Src/stm32f4xx_it.c.obj
                0x0800185c                DMA2_Stream0_IRQHandler
 .text.DMA2_Stream3_IRQHandler
                0x0800186c       0x10 CMakeFiles/gimbal.elf.dir/Core/Src/stm32f4xx_it.c.obj
                0x0800186c                DMA2_Stream3_IRQHandler
 .text.ETH_IRQHandler
                0x0800187c       0x28 CMakeFiles/gimbal.elf.dir/Core/Src/stm32f4xx_it.c.obj
                0x0800187c                ETH_IRQHandler
 .text._getpid  0x080018a4        0x4 CMakeFiles/gimbal.elf.dir/Core/Src/syscalls.c.obj
                0x080018a4                _getpid
 .text._kill    0x080018a8       0x10 CMakeFiles/gimbal.elf.dir/Core/Src/syscalls.c.obj
                0x080018a8                _kill
 .text._exit    0x080018b8        0xc CMakeFiles/gimbal.elf.dir/Core/Src/syscalls.c.obj
                0x080018b8                _exit
 .text._read    0x080018c4       0x20 CMakeFiles/gimbal.elf.dir/Core/Src/syscalls.c.obj
                0x080018c4                _read
 .text._write   0x080018e4       0x1c CMakeFiles/gimbal.elf.dir/Core/Src/syscalls.c.obj
                0x080018e4                _write
 .text._close   0x08001900        0x6 CMakeFiles/gimbal.elf.dir/Core/Src/syscalls.c.obj
                0x08001900                _close
 .text._fstat   0x08001906        0xa CMakeFiles/gimbal.elf.dir/Core/Src/syscalls.c.obj
                0x08001906                _fstat
 .text._isatty  0x08001910        0x4 CMakeFiles/gimbal.elf.dir/Core/Src/syscalls.c.obj
                0x08001910                _isatty
 .text._lseek   0x08001914        0x4 CMakeFiles/gimbal.elf.dir/Core/Src/syscalls.c.obj
                0x08001914                _lseek
 .text._sbrk    0x08001918       0x4c CMakeFiles/gimbal.elf.dir/Core/Src/sysmem.c.obj
                0x08001918                _sbrk
 .text.SystemInit
                0x08001964       0x14 CMakeFiles/gimbal.elf.dir/Core/Src/system_stm32f4xx.c.obj
                0x08001964                SystemInit
 .text.MX_TIM3_Init
                0x08001978       0x6c CMakeFiles/gimbal.elf.dir/Core/Src/tim.c.obj
                0x08001978                MX_TIM3_Init
 .text.HAL_TIM_Base_MspInit
                0x080019e4       0x98 CMakeFiles/gimbal.elf.dir/Core/Src/tim.c.obj
                0x080019e4                HAL_TIM_Base_MspInit
 .text.HAL_TIM_MspPostInit
                0x08001a7c       0x90 CMakeFiles/gimbal.elf.dir/Core/Src/tim.c.obj
                0x08001a7c                HAL_TIM_MspPostInit
 .text.MX_TIM2_Init
                0x08001b0c       0xb0 CMakeFiles/gimbal.elf.dir/Core/Src/tim.c.obj
                0x08001b0c                MX_TIM2_Init
 .text.MX_TIM8_Init
                0x08001bbc       0xe8 CMakeFiles/gimbal.elf.dir/Core/Src/tim.c.obj
                0x08001bbc                MX_TIM8_Init
 .text.MX_USART3_UART_Init
                0x08001ca4       0x3c CMakeFiles/gimbal.elf.dir/Core/Src/usart.c.obj
                0x08001ca4                MX_USART3_UART_Init
 .text.HAL_UART_MspInit
                0x08001ce0       0xf8 CMakeFiles/gimbal.elf.dir/Core/Src/usart.c.obj
                0x08001ce0                HAL_UART_MspInit
 .text.Reset_Handler
                0x08001dd8       0x50 CMakeFiles/gimbal.elf.dir/Core/Startup/startup_stm32f407vetx.s.obj
                0x08001dd8                Reset_Handler
 .text.Default_Handler
                0x08001e28        0x2 CMakeFiles/gimbal.elf.dir/Core/Startup/startup_stm32f407vetx.s.obj
                0x08001e28                RTC_Alarm_IRQHandler
                0x08001e28                HASH_RNG_IRQHandler
                0x08001e28                EXTI2_IRQHandler
                0x08001e28                TIM8_CC_IRQHandler
                0x08001e28                TIM1_CC_IRQHandler
                0x08001e28                DMA2_Stream5_IRQHandler
                0x08001e28                DMA1_Stream5_IRQHandler
                0x08001e28                PVD_IRQHandler
                0x08001e28                SDIO_IRQHandler
                0x08001e28                TAMP_STAMP_IRQHandler
                0x08001e28                CAN2_RX1_IRQHandler
                0x08001e28                EXTI3_IRQHandler
                0x08001e28                TIM8_TRG_COM_TIM14_IRQHandler
                0x08001e28                TIM8_UP_TIM13_IRQHandler
                0x08001e28                I2C3_ER_IRQHandler
                0x08001e28                EXTI0_IRQHandler
                0x08001e28                I2C2_EV_IRQHandler
                0x08001e28                DMA1_Stream2_IRQHandler
                0x08001e28                FPU_IRQHandler
                0x08001e28                OTG_HS_WKUP_IRQHandler
                0x08001e28                CAN2_SCE_IRQHandler
                0x08001e28                DMA2_Stream2_IRQHandler
                0x08001e28                SPI1_IRQHandler
                0x08001e28                TIM6_DAC_IRQHandler
                0x08001e28                TIM1_BRK_TIM9_IRQHandler
                0x08001e28                DCMI_IRQHandler
                0x08001e28                CAN2_RX0_IRQHandler
                0x08001e28                USART6_IRQHandler
                0x08001e28                CAN1_RX1_IRQHandler
                0x08001e28                UART5_IRQHandler
                0x08001e28                TIM4_IRQHandler
                0x08001e28                I2C1_EV_IRQHandler
                0x08001e28                DMA1_Stream6_IRQHandler
                0x08001e28                UART4_IRQHandler
                0x08001e28                RCC_IRQHandler
                0x08001e28                TIM8_BRK_TIM12_IRQHandler
                0x08001e28                Default_Handler
                0x08001e28                EXTI15_10_IRQHandler
                0x08001e28                ADC_IRQHandler
                0x08001e28                DMA1_Stream7_IRQHandler
                0x08001e28                TIM7_IRQHandler
                0x08001e28                CAN2_TX_IRQHandler
                0x08001e28                TIM5_IRQHandler
                0x08001e28                DMA2_Stream7_IRQHandler
                0x08001e28                I2C3_EV_IRQHandler
                0x08001e28                EXTI9_5_IRQHandler
                0x08001e28                RTC_WKUP_IRQHandler
                0x08001e28                ETH_WKUP_IRQHandler
                0x08001e28                SPI2_IRQHandler
                0x08001e28                OTG_HS_EP1_IN_IRQHandler
                0x08001e28                DMA1_Stream0_IRQHandler
                0x08001e28                CAN1_TX_IRQHandler
                0x08001e28                EXTI4_IRQHandler
                0x08001e28                FSMC_IRQHandler
                0x08001e28                OTG_HS_EP1_OUT_IRQHandler
                0x08001e28                WWDG_IRQHandler
                0x08001e28                OTG_FS_WKUP_IRQHandler
                0x08001e28                TIM1_TRG_COM_TIM11_IRQHandler
                0x08001e28                OTG_HS_IRQHandler
                0x08001e28                EXTI1_IRQHandler
                0x08001e28                USART2_IRQHandler
                0x08001e28                I2C2_ER_IRQHandler
                0x08001e28                DMA2_Stream1_IRQHandler
                0x08001e28                CAN1_SCE_IRQHandler
                0x08001e28                FLASH_IRQHandler
                0x08001e28                DMA2_Stream4_IRQHandler
                0x08001e28                USART1_IRQHandler
                0x08001e28                OTG_FS_IRQHandler
                0x08001e28                SPI3_IRQHandler
                0x08001e28                DMA1_Stream4_IRQHandler
                0x08001e28                I2C1_ER_IRQHandler
                0x08001e28                DMA2_Stream6_IRQHandler
                0x08001e28                DMA1_Stream3_IRQHandler
 *fill*         0x08001e2a        0x2 
 .text.HAL_Init
                0x08001e2c       0x34 CMakeFiles/gimbal.elf.dir/Drivers/STM32F4xx_HAL_Driver/Src/stm32f4xx_hal.c.obj
                0x08001e2c                HAL_Init
 .text.HAL_IncTick
                0x08001e60       0x18 CMakeFiles/gimbal.elf.dir/Drivers/STM32F4xx_HAL_Driver/Src/stm32f4xx_hal.c.obj
                0x08001e60                HAL_IncTick
 .text.HAL_GetTick
                0x08001e78        0xc CMakeFiles/gimbal.elf.dir/Drivers/STM32F4xx_HAL_Driver/Src/stm32f4xx_hal.c.obj
                0x08001e78                HAL_GetTick
 .text.HAL_Delay
                0x08001e84       0x28 CMakeFiles/gimbal.elf.dir/Drivers/STM32F4xx_HAL_Driver/Src/stm32f4xx_hal.c.obj
                0x08001e84                HAL_Delay
 .text.HAL_CAN_Init
                0x08001eac      0x14c CMakeFiles/gimbal.elf.dir/Drivers/STM32F4xx_HAL_Driver/Src/stm32f4xx_hal_can.c.obj
                0x08001eac                HAL_CAN_Init
 .text.HAL_CAN_ConfigFilter
                0x08001ff8      0x138 CMakeFiles/gimbal.elf.dir/Drivers/STM32F4xx_HAL_Driver/Src/stm32f4xx_hal_can.c.obj
                0x08001ff8                HAL_CAN_ConfigFilter
 .text.HAL_CAN_Start
                0x08002130       0x5c CMakeFiles/gimbal.elf.dir/Drivers/STM32F4xx_HAL_Driver/Src/stm32f4xx_hal_can.c.obj
                0x08002130                HAL_CAN_Start
 .text.HAL_CAN_AddTxMessage
                0x0800218c       0xfc CMakeFiles/gimbal.elf.dir/Drivers/STM32F4xx_HAL_Driver/Src/stm32f4xx_hal_can.c.obj
                0x0800218c                HAL_CAN_AddTxMessage
 .text.HAL_CAN_GetTxMailboxesFreeLevel
                0x08002288       0x32 CMakeFiles/gimbal.elf.dir/Drivers/STM32F4xx_HAL_Driver/Src/stm32f4xx_hal_can.c.obj
                0x08002288                HAL_CAN_GetTxMailboxesFreeLevel
 .text.HAL_CAN_GetRxMessage
                0x080022ba      0x14a CMakeFiles/gimbal.elf.dir/Drivers/STM32F4xx_HAL_Driver/Src/stm32f4xx_hal_can.c.obj
                0x080022ba                HAL_CAN_GetRxMessage
 .text.HAL_CAN_GetRxFifoFillLevel
                0x08002404       0x26 CMakeFiles/gimbal.elf.dir/Drivers/STM32F4xx_HAL_Driver/Src/stm32f4xx_hal_can.c.obj
                0x08002404                HAL_CAN_GetRxFifoFillLevel
 .text.HAL_CAN_ActivateNotification
                0x0800242a       0x24 CMakeFiles/gimbal.elf.dir/Drivers/STM32F4xx_HAL_Driver/Src/stm32f4xx_hal_can.c.obj
                0x0800242a                HAL_CAN_ActivateNotification
 .text.HAL_CAN_TxMailbox0CompleteCallback
                0x0800244e        0x2 CMakeFiles/gimbal.elf.dir/Drivers/STM32F4xx_HAL_Driver/Src/stm32f4xx_hal_can.c.obj
                0x0800244e                HAL_CAN_TxMailbox0CompleteCallback
 .text.HAL_CAN_TxMailbox1CompleteCallback
                0x08002450        0x2 CMakeFiles/gimbal.elf.dir/Drivers/STM32F4xx_HAL_Driver/Src/stm32f4xx_hal_can.c.obj
                0x08002450                HAL_CAN_TxMailbox1CompleteCallback
 .text.HAL_CAN_TxMailbox2CompleteCallback
                0x08002452        0x2 CMakeFiles/gimbal.elf.dir/Drivers/STM32F4xx_HAL_Driver/Src/stm32f4xx_hal_can.c.obj
                0x08002452                HAL_CAN_TxMailbox2CompleteCallback
 .text.HAL_CAN_TxMailbox0AbortCallback
                0x08002454        0x2 CMakeFiles/gimbal.elf.dir/Drivers/STM32F4xx_HAL_Driver/Src/stm32f4xx_hal_can.c.obj
                0x08002454                HAL_CAN_TxMailbox0AbortCallback
 .text.HAL_CAN_TxMailbox1AbortCallback
                0x08002456        0x2 CMakeFiles/gimbal.elf.dir/Drivers/STM32F4xx_HAL_Driver/Src/stm32f4xx_hal_can.c.obj
                0x08002456                HAL_CAN_TxMailbox1AbortCallback
 .text.HAL_CAN_TxMailbox2AbortCallback
                0x08002458        0x2 CMakeFiles/gimbal.elf.dir/Drivers/STM32F4xx_HAL_Driver/Src/stm32f4xx_hal_can.c.obj
                0x08002458                HAL_CAN_TxMailbox2AbortCallback
 .text.HAL_CAN_RxFifo0FullCallback
                0x0800245a        0x2 CMakeFiles/gimbal.elf.dir/Drivers/STM32F4xx_HAL_Driver/Src/stm32f4xx_hal_can.c.obj
                0x0800245a                HAL_CAN_RxFifo0FullCallback
 .text.HAL_CAN_RxFifo1MsgPendingCallback
                0x0800245c        0x2 CMakeFiles/gimbal.elf.dir/Drivers/STM32F4xx_HAL_Driver/Src/stm32f4xx_hal_can.c.obj
                0x0800245c                HAL_CAN_RxFifo1MsgPendingCallback
 .text.HAL_CAN_RxFifo1FullCallback
                0x0800245e        0x2 CMakeFiles/gimbal.elf.dir/Drivers/STM32F4xx_HAL_Driver/Src/stm32f4xx_hal_can.c.obj
                0x0800245e                HAL_CAN_RxFifo1FullCallback
 .text.HAL_CAN_SleepCallback
                0x08002460        0x2 CMakeFiles/gimbal.elf.dir/Drivers/STM32F4xx_HAL_Driver/Src/stm32f4xx_hal_can.c.obj
                0x08002460                HAL_CAN_SleepCallback
 .text.HAL_CAN_WakeUpFromRxMsgCallback
                0x08002462        0x2 CMakeFiles/gimbal.elf.dir/Drivers/STM32F4xx_HAL_Driver/Src/stm32f4xx_hal_can.c.obj
                0x08002462                HAL_CAN_WakeUpFromRxMsgCallback
 .text.HAL_CAN_ErrorCallback
                0x08002464        0x2 CMakeFiles/gimbal.elf.dir/Drivers/STM32F4xx_HAL_Driver/Src/stm32f4xx_hal_can.c.obj
                0x08002464                HAL_CAN_ErrorCallback
 .text.HAL_CAN_IRQHandler
                0x08002466      0x24a CMakeFiles/gimbal.elf.dir/Drivers/STM32F4xx_HAL_Driver/Src/stm32f4xx_hal_can.c.obj
                0x08002466                HAL_CAN_IRQHandler
 .text.HAL_NVIC_SetPriorityGrouping
                0x080026b0       0x24 CMakeFiles/gimbal.elf.dir/Drivers/STM32F4xx_HAL_Driver/Src/stm32f4xx_hal_cortex.c.obj
                0x080026b0                HAL_NVIC_SetPriorityGrouping
 .text.HAL_NVIC_SetPriority
                0x080026d4       0x70 CMakeFiles/gimbal.elf.dir/Drivers/STM32F4xx_HAL_Driver/Src/stm32f4xx_hal_cortex.c.obj
                0x080026d4                HAL_NVIC_SetPriority
 .text.HAL_NVIC_EnableIRQ
                0x08002744       0x1c CMakeFiles/gimbal.elf.dir/Drivers/STM32F4xx_HAL_Driver/Src/stm32f4xx_hal_cortex.c.obj
                0x08002744                HAL_NVIC_EnableIRQ
 .text.DMA_CalcBaseAndBitshift
                0x08002760       0x44 CMakeFiles/gimbal.elf.dir/Drivers/STM32F4xx_HAL_Driver/Src/stm32f4xx_hal_dma.c.obj
 .text.DMA_CheckFifoParam
                0x080027a4       0x8e CMakeFiles/gimbal.elf.dir/Drivers/STM32F4xx_HAL_Driver/Src/stm32f4xx_hal_dma.c.obj
 *fill*         0x08002832        0x2 
 .text.HAL_DMA_Init
                0x08002834       0xcc CMakeFiles/gimbal.elf.dir/Drivers/STM32F4xx_HAL_Driver/Src/stm32f4xx_hal_dma.c.obj
                0x08002834                HAL_DMA_Init
 .text.HAL_DMA_Abort
                0x08002900       0x94 CMakeFiles/gimbal.elf.dir/Drivers/STM32F4xx_HAL_Driver/Src/stm32f4xx_hal_dma.c.obj
                0x08002900                HAL_DMA_Abort
 .text.HAL_DMA_Abort_IT
                0x08002994       0x26 CMakeFiles/gimbal.elf.dir/Drivers/STM32F4xx_HAL_Driver/Src/stm32f4xx_hal_dma.c.obj
                0x08002994                HAL_DMA_Abort_IT
 *fill*         0x080029ba        0x2 
 .text.HAL_DMA_IRQHandler
                0x080029bc      0x1dc CMakeFiles/gimbal.elf.dir/Drivers/STM32F4xx_HAL_Driver/Src/stm32f4xx_hal_dma.c.obj
                0x080029bc                HAL_DMA_IRQHandler
 .text.ETH_MACAddressConfig
                0x08002b98       0x30 CMakeFiles/gimbal.elf.dir/Drivers/STM32F4xx_HAL_Driver/Src/stm32f4xx_hal_eth.c.obj
 .text.ETH_DMATransmissionEnable
                0x08002bc8       0x10 CMakeFiles/gimbal.elf.dir/Drivers/STM32F4xx_HAL_Driver/Src/stm32f4xx_hal_eth.c.obj
 .text.ETH_DMATransmissionDisable
                0x08002bd8       0x10 CMakeFiles/gimbal.elf.dir/Drivers/STM32F4xx_HAL_Driver/Src/stm32f4xx_hal_eth.c.obj
 .text.ETH_DMAReceptionEnable
                0x08002be8       0x10 CMakeFiles/gimbal.elf.dir/Drivers/STM32F4xx_HAL_Driver/Src/stm32f4xx_hal_eth.c.obj
 .text.ETH_DMAReceptionDisable
                0x08002bf8       0x10 CMakeFiles/gimbal.elf.dir/Drivers/STM32F4xx_HAL_Driver/Src/stm32f4xx_hal_eth.c.obj
 .text.ETH_Delay
                0x08002c08       0x2c CMakeFiles/gimbal.elf.dir/Drivers/STM32F4xx_HAL_Driver/Src/stm32f4xx_hal_eth.c.obj
 .text.ETH_MACTransmissionEnable
                0x08002c34       0x2a CMakeFiles/gimbal.elf.dir/Drivers/STM32F4xx_HAL_Driver/Src/stm32f4xx_hal_eth.c.obj
 .text.ETH_MACReceptionEnable
                0x08002c5e       0x2a CMakeFiles/gimbal.elf.dir/Drivers/STM32F4xx_HAL_Driver/Src/stm32f4xx_hal_eth.c.obj
 .text.ETH_FlushTransmitFIFO
                0x08002c88       0x36 CMakeFiles/gimbal.elf.dir/Drivers/STM32F4xx_HAL_Driver/Src/stm32f4xx_hal_eth.c.obj
 .text.ETH_MACReceptionDisable
                0x08002cbe       0x2a CMakeFiles/gimbal.elf.dir/Drivers/STM32F4xx_HAL_Driver/Src/stm32f4xx_hal_eth.c.obj
 .text.ETH_MACTransmissionDisable
                0x08002ce8       0x2a CMakeFiles/gimbal.elf.dir/Drivers/STM32F4xx_HAL_Driver/Src/stm32f4xx_hal_eth.c.obj
 *fill*         0x08002d12        0x2 
 .text.ETH_MACDMAConfig
                0x08002d14      0x19c CMakeFiles/gimbal.elf.dir/Drivers/STM32F4xx_HAL_Driver/Src/stm32f4xx_hal_eth.c.obj
 .text.HAL_ETH_DMATxDescListInit
                0x08002eb0       0x80 CMakeFiles/gimbal.elf.dir/Drivers/STM32F4xx_HAL_Driver/Src/stm32f4xx_hal_eth.c.obj
                0x08002eb0                HAL_ETH_DMATxDescListInit
 .text.HAL_ETH_DMARxDescListInit
                0x08002f30       0x7c CMakeFiles/gimbal.elf.dir/Drivers/STM32F4xx_HAL_Driver/Src/stm32f4xx_hal_eth.c.obj
                0x08002f30                HAL_ETH_DMARxDescListInit
 .text.HAL_ETH_TransmitFrame
                0x08002fac      0x12c CMakeFiles/gimbal.elf.dir/Drivers/STM32F4xx_HAL_Driver/Src/stm32f4xx_hal_eth.c.obj
                0x08002fac                HAL_ETH_TransmitFrame
 .text.HAL_ETH_GetReceivedFrame_IT
                0x080030d8       0x98 CMakeFiles/gimbal.elf.dir/Drivers/STM32F4xx_HAL_Driver/Src/stm32f4xx_hal_eth.c.obj
                0x080030d8                HAL_ETH_GetReceivedFrame_IT
 .text.HAL_ETH_TxCpltCallback
                0x08003170        0x2 CMakeFiles/gimbal.elf.dir/Drivers/STM32F4xx_HAL_Driver/Src/stm32f4xx_hal_eth.c.obj
                0x08003170                HAL_ETH_TxCpltCallback
 .text.HAL_ETH_ErrorCallback
                0x08003172        0x2 CMakeFiles/gimbal.elf.dir/Drivers/STM32F4xx_HAL_Driver/Src/stm32f4xx_hal_eth.c.obj
                0x08003172                HAL_ETH_ErrorCallback
 .text.HAL_ETH_IRQHandler
                0x08003174       0x90 CMakeFiles/gimbal.elf.dir/Drivers/STM32F4xx_HAL_Driver/Src/stm32f4xx_hal_eth.c.obj
                0x08003174                HAL_ETH_IRQHandler
 .text.HAL_ETH_ReadPHYRegister
                0x08003204       0x78 CMakeFiles/gimbal.elf.dir/Drivers/STM32F4xx_HAL_Driver/Src/stm32f4xx_hal_eth.c.obj
                0x08003204                HAL_ETH_ReadPHYRegister
 .text.HAL_ETH_WritePHYRegister
                0x0800327c       0x74 CMakeFiles/gimbal.elf.dir/Drivers/STM32F4xx_HAL_Driver/Src/stm32f4xx_hal_eth.c.obj
                0x0800327c                HAL_ETH_WritePHYRegister
 .text.HAL_ETH_Init
                0x080032f0      0x258 CMakeFiles/gimbal.elf.dir/Drivers/STM32F4xx_HAL_Driver/Src/stm32f4xx_hal_eth.c.obj
                0x080032f0                HAL_ETH_Init
 .text.HAL_ETH_Start
                0x08003548       0x44 CMakeFiles/gimbal.elf.dir/Drivers/STM32F4xx_HAL_Driver/Src/stm32f4xx_hal_eth.c.obj
                0x08003548                HAL_ETH_Start
 .text.HAL_ETH_Stop
                0x0800358c       0x44 CMakeFiles/gimbal.elf.dir/Drivers/STM32F4xx_HAL_Driver/Src/stm32f4xx_hal_eth.c.obj
                0x0800358c                HAL_ETH_Stop
 .text.HAL_ETH_ConfigMAC
                0x080035d0      0x130 CMakeFiles/gimbal.elf.dir/Drivers/STM32F4xx_HAL_Driver/Src/stm32f4xx_hal_eth.c.obj
                0x080035d0                HAL_ETH_ConfigMAC
 .text.HAL_GPIO_Init
                0x08003700      0x1e4 CMakeFiles/gimbal.elf.dir/Drivers/STM32F4xx_HAL_Driver/Src/stm32f4xx_hal_gpio.c.obj
                0x08003700                HAL_GPIO_Init
 .text.HAL_GPIO_WritePin
                0x080038e4        0xc CMakeFiles/gimbal.elf.dir/Drivers/STM32F4xx_HAL_Driver/Src/stm32f4xx_hal_gpio.c.obj
                0x080038e4                HAL_GPIO_WritePin
 .text.HAL_GPIO_TogglePin
                0x080038f0       0x12 CMakeFiles/gimbal.elf.dir/Drivers/STM32F4xx_HAL_Driver/Src/stm32f4xx_hal_gpio.c.obj
                0x080038f0                HAL_GPIO_TogglePin
 *fill*         0x08003902        0x2 
 .text.HAL_RCC_OscConfig
                0x08003904      0x3f8 CMakeFiles/gimbal.elf.dir/Drivers/STM32F4xx_HAL_Driver/Src/stm32f4xx_hal_rcc.c.obj
                0x08003904                HAL_RCC_OscConfig
 .text.HAL_RCC_GetSysClockFreq
                0x08003cfc       0xa4 CMakeFiles/gimbal.elf.dir/Drivers/STM32F4xx_HAL_Driver/Src/stm32f4xx_hal_rcc.c.obj
                0x08003cfc                HAL_RCC_GetSysClockFreq
 .text.HAL_RCC_ClockConfig
                0x08003da0      0x160 CMakeFiles/gimbal.elf.dir/Drivers/STM32F4xx_HAL_Driver/Src/stm32f4xx_hal_rcc.c.obj
                0x08003da0                HAL_RCC_ClockConfig
 .text.HAL_RCC_GetHCLKFreq
                0x08003f00        0xc CMakeFiles/gimbal.elf.dir/Drivers/STM32F4xx_HAL_Driver/Src/stm32f4xx_hal_rcc.c.obj
                0x08003f00                HAL_RCC_GetHCLKFreq
 .text.HAL_RCC_GetPCLK1Freq
                0x08003f0c       0x20 CMakeFiles/gimbal.elf.dir/Drivers/STM32F4xx_HAL_Driver/Src/stm32f4xx_hal_rcc.c.obj
                0x08003f0c                HAL_RCC_GetPCLK1Freq
 .text.HAL_RCC_GetPCLK2Freq
                0x08003f2c       0x20 CMakeFiles/gimbal.elf.dir/Drivers/STM32F4xx_HAL_Driver/Src/stm32f4xx_hal_rcc.c.obj
                0x08003f2c                HAL_RCC_GetPCLK2Freq
 .text.HAL_RCC_GetClockConfig
                0x08003f4c       0x3c CMakeFiles/gimbal.elf.dir/Drivers/STM32F4xx_HAL_Driver/Src/stm32f4xx_hal_rcc.c.obj
                0x08003f4c                HAL_RCC_GetClockConfig
 .text.SPI_WaitFlagStateUntilTimeout
                0x08003f88       0xd4 CMakeFiles/gimbal.elf.dir/Drivers/STM32F4xx_HAL_Driver/Src/stm32f4xx_hal_spi.c.obj
 .text.SPI_EndRxTxTransaction
                0x0800405c       0x68 CMakeFiles/gimbal.elf.dir/Drivers/STM32F4xx_HAL_Driver/Src/stm32f4xx_hal_spi.c.obj
 .text.HAL_SPI_Init
                0x080040c4       0xbe CMakeFiles/gimbal.elf.dir/Drivers/STM32F4xx_HAL_Driver/Src/stm32f4xx_hal_spi.c.obj
                0x080040c4                HAL_SPI_Init
 .text.HAL_SPI_TransmitReceive
                0x08004182      0x238 CMakeFiles/gimbal.elf.dir/Drivers/STM32F4xx_HAL_Driver/Src/stm32f4xx_hal_spi.c.obj
                0x08004182                HAL_SPI_TransmitReceive
 *fill*         0x080043ba        0x2 
 .text.TIM_OC1_SetConfig
                0x080043bc       0x68 CMakeFiles/gimbal.elf.dir/Drivers/STM32F4xx_HAL_Driver/Src/stm32f4xx_hal_tim.c.obj
 .text.TIM_OC3_SetConfig
                0x08004424       0x70 CMakeFiles/gimbal.elf.dir/Drivers/STM32F4xx_HAL_Driver/Src/stm32f4xx_hal_tim.c.obj
 .text.TIM_OC4_SetConfig
                0x08004494       0x50 CMakeFiles/gimbal.elf.dir/Drivers/STM32F4xx_HAL_Driver/Src/stm32f4xx_hal_tim.c.obj
 .text.TIM_TI1_ConfigInputStage
                0x080044e4       0x26 CMakeFiles/gimbal.elf.dir/Drivers/STM32F4xx_HAL_Driver/Src/stm32f4xx_hal_tim.c.obj
 .text.TIM_TI2_ConfigInputStage
                0x0800450a       0x28 CMakeFiles/gimbal.elf.dir/Drivers/STM32F4xx_HAL_Driver/Src/stm32f4xx_hal_tim.c.obj
 .text.TIM_ITRx_SetConfig
                0x08004532       0x10 CMakeFiles/gimbal.elf.dir/Drivers/STM32F4xx_HAL_Driver/Src/stm32f4xx_hal_tim.c.obj
 *fill*         0x08004542        0x2 
 .text.HAL_TIM_Base_Start_IT
                0x08004544       0x88 CMakeFiles/gimbal.elf.dir/Drivers/STM32F4xx_HAL_Driver/Src/stm32f4xx_hal_tim.c.obj
                0x08004544                HAL_TIM_Base_Start_IT
 .text.HAL_TIM_PWM_MspInit
                0x080045cc        0x2 CMakeFiles/gimbal.elf.dir/Drivers/STM32F4xx_HAL_Driver/Src/stm32f4xx_hal_tim.c.obj
                0x080045cc                HAL_TIM_PWM_MspInit
 .text.HAL_TIM_OC_DelayElapsedCallback
                0x080045ce        0x2 CMakeFiles/gimbal.elf.dir/Drivers/STM32F4xx_HAL_Driver/Src/stm32f4xx_hal_tim.c.obj
                0x080045ce                HAL_TIM_OC_DelayElapsedCallback
 .text.HAL_TIM_IC_CaptureCallback
                0x080045d0        0x2 CMakeFiles/gimbal.elf.dir/Drivers/STM32F4xx_HAL_Driver/Src/stm32f4xx_hal_tim.c.obj
                0x080045d0                HAL_TIM_IC_CaptureCallback
 .text.HAL_TIM_PWM_PulseFinishedCallback
                0x080045d2        0x2 CMakeFiles/gimbal.elf.dir/Drivers/STM32F4xx_HAL_Driver/Src/stm32f4xx_hal_tim.c.obj
                0x080045d2                HAL_TIM_PWM_PulseFinishedCallback
 .text.HAL_TIM_TriggerCallback
                0x080045d4        0x2 CMakeFiles/gimbal.elf.dir/Drivers/STM32F4xx_HAL_Driver/Src/stm32f4xx_hal_tim.c.obj
                0x080045d4                HAL_TIM_TriggerCallback
 .text.HAL_TIM_IRQHandler
                0x080045d6      0x17a CMakeFiles/gimbal.elf.dir/Drivers/STM32F4xx_HAL_Driver/Src/stm32f4xx_hal_tim.c.obj
                0x080045d6                HAL_TIM_IRQHandler
 .text.TIM_Base_SetConfig
                0x08004750       0xc8 CMakeFiles/gimbal.elf.dir/Drivers/STM32F4xx_HAL_Driver/Src/stm32f4xx_hal_tim.c.obj
                0x08004750                TIM_Base_SetConfig
 .text.HAL_TIM_Base_Init
                0x08004818       0x58 CMakeFiles/gimbal.elf.dir/Drivers/STM32F4xx_HAL_Driver/Src/stm32f4xx_hal_tim.c.obj
                0x08004818                HAL_TIM_Base_Init
 .text.HAL_TIM_PWM_Init
                0x08004870       0x58 CMakeFiles/gimbal.elf.dir/Drivers/STM32F4xx_HAL_Driver/Src/stm32f4xx_hal_tim.c.obj
                0x08004870                HAL_TIM_PWM_Init
 .text.TIM_OC2_SetConfig
                0x080048c8       0x70 CMakeFiles/gimbal.elf.dir/Drivers/STM32F4xx_HAL_Driver/Src/stm32f4xx_hal_tim.c.obj
                0x080048c8                TIM_OC2_SetConfig
 .text.HAL_TIM_PWM_ConfigChannel
                0x08004938       0xdc CMakeFiles/gimbal.elf.dir/Drivers/STM32F4xx_HAL_Driver/Src/stm32f4xx_hal_tim.c.obj
                0x08004938                HAL_TIM_PWM_ConfigChannel
 .text.TIM_ETR_SetConfig
                0x08004a14       0x1a CMakeFiles/gimbal.elf.dir/Drivers/STM32F4xx_HAL_Driver/Src/stm32f4xx_hal_tim.c.obj
                0x08004a14                TIM_ETR_SetConfig
 .text.HAL_TIM_ConfigClockSource
                0x08004a2e       0xfe CMakeFiles/gimbal.elf.dir/Drivers/STM32F4xx_HAL_Driver/Src/stm32f4xx_hal_tim.c.obj
                0x08004a2e                HAL_TIM_ConfigClockSource
 .text.TIM_CCxChannelCmd
                0x08004b2c       0x1e CMakeFiles/gimbal.elf.dir/Drivers/STM32F4xx_HAL_Driver/Src/stm32f4xx_hal_tim.c.obj
                0x08004b2c                TIM_CCxChannelCmd
 *fill*         0x08004b4a        0x2 
 .text.HAL_TIM_PWM_Start
                0x08004b4c      0x104 CMakeFiles/gimbal.elf.dir/Drivers/STM32F4xx_HAL_Driver/Src/stm32f4xx_hal_tim.c.obj
                0x08004b4c                HAL_TIM_PWM_Start
 .text.HAL_TIMEx_MasterConfigSynchronization
                0x08004c50       0x8c CMakeFiles/gimbal.elf.dir/Drivers/STM32F4xx_HAL_Driver/Src/stm32f4xx_hal_tim_ex.c.obj
                0x08004c50                HAL_TIMEx_MasterConfigSynchronization
 .text.HAL_TIMEx_ConfigBreakDeadTime
                0x08004cdc       0x52 CMakeFiles/gimbal.elf.dir/Drivers/STM32F4xx_HAL_Driver/Src/stm32f4xx_hal_tim_ex.c.obj
                0x08004cdc                HAL_TIMEx_ConfigBreakDeadTime
 .text.HAL_TIMEx_CommutCallback
                0x08004d2e        0x2 CMakeFiles/gimbal.elf.dir/Drivers/STM32F4xx_HAL_Driver/Src/stm32f4xx_hal_tim_ex.c.obj
                0x08004d2e                HAL_TIMEx_CommutCallback
 .text.HAL_TIMEx_BreakCallback
                0x08004d30        0x2 CMakeFiles/gimbal.elf.dir/Drivers/STM32F4xx_HAL_Driver/Src/stm32f4xx_hal_tim_ex.c.obj
                0x08004d30                HAL_TIMEx_BreakCallback
 .text.UART_EndRxTransfer
                0x08004d32       0x5c CMakeFiles/gimbal.elf.dir/Drivers/STM32F4xx_HAL_Driver/Src/stm32f4xx_hal_uart.c.obj
 .text.UART_Transmit_IT
                0x08004d8e       0x60 CMakeFiles/gimbal.elf.dir/Drivers/STM32F4xx_HAL_Driver/Src/stm32f4xx_hal_uart.c.obj
 *fill*         0x08004dee        0x2 
 .text.UART_SetConfig
                0x08004df0      0x110 CMakeFiles/gimbal.elf.dir/Drivers/STM32F4xx_HAL_Driver/Src/stm32f4xx_hal_uart.c.obj
 .text.HAL_UART_Init
                0x08004f00       0x5e CMakeFiles/gimbal.elf.dir/Drivers/STM32F4xx_HAL_Driver/Src/stm32f4xx_hal_uart.c.obj
                0x08004f00                HAL_UART_Init
 .text.HAL_UART_TxCpltCallback
                0x08004f5e        0x2 CMakeFiles/gimbal.elf.dir/Drivers/STM32F4xx_HAL_Driver/Src/stm32f4xx_hal_uart.c.obj
                0x08004f5e                HAL_UART_TxCpltCallback
 .text.UART_EndTransmit_IT
                0x08004f60       0x1a CMakeFiles/gimbal.elf.dir/Drivers/STM32F4xx_HAL_Driver/Src/stm32f4xx_hal_uart.c.obj
 .text.HAL_UART_RxCpltCallback
                0x08004f7a        0x2 CMakeFiles/gimbal.elf.dir/Drivers/STM32F4xx_HAL_Driver/Src/stm32f4xx_hal_uart.c.obj
                0x08004f7a                HAL_UART_RxCpltCallback
 .text.HAL_UART_ErrorCallback
                0x08004f7c        0x2 CMakeFiles/gimbal.elf.dir/Drivers/STM32F4xx_HAL_Driver/Src/stm32f4xx_hal_uart.c.obj
                0x08004f7c                HAL_UART_ErrorCallback
 .text.UART_DMAAbortOnError
                0x08004f7e       0x10 CMakeFiles/gimbal.elf.dir/Drivers/STM32F4xx_HAL_Driver/Src/stm32f4xx_hal_uart.c.obj
 .text.HAL_UARTEx_RxEventCallback
                0x08004f8e        0x2 CMakeFiles/gimbal.elf.dir/Drivers/STM32F4xx_HAL_Driver/Src/stm32f4xx_hal_uart.c.obj
                0x08004f8e                HAL_UARTEx_RxEventCallback
 .text.UART_Receive_IT
                0x08004f90       0xe2 CMakeFiles/gimbal.elf.dir/Drivers/STM32F4xx_HAL_Driver/Src/stm32f4xx_hal_uart.c.obj
 *fill*         0x08005072        0x2 
 .text.HAL_UART_IRQHandler
                0x08005074      0x280 CMakeFiles/gimbal.elf.dir/Drivers/STM32F4xx_HAL_Driver/Src/stm32f4xx_hal_uart.c.obj
                0x08005074                HAL_UART_IRQHandler
 .text.MX_LWIP_Init
                0x080052f4      0x164 CMakeFiles/gimbal.elf.dir/LWIP/App/lwip.c.obj
                0x080052f4                MX_LWIP_Init
 .text.low_level_input
                0x08005458       0xd4 CMakeFiles/gimbal.elf.dir/LWIP/Target/ethernetif.c.obj
 .text.ethernetif_input
                0x0800552c       0x4c CMakeFiles/gimbal.elf.dir/LWIP/Target/ethernetif.c.obj
                0x0800552c                ethernetif_input
 .text.low_level_output
                0x08005578       0xb8 CMakeFiles/gimbal.elf.dir/LWIP/Target/ethernetif.c.obj
 .text.low_level_init
                0x08005630      0x138 CMakeFiles/gimbal.elf.dir/LWIP/Target/ethernetif.c.obj
 .text.HAL_ETH_MspInit
                0x08005768      0x128 CMakeFiles/gimbal.elf.dir/LWIP/Target/ethernetif.c.obj
                0x08005768                HAL_ETH_MspInit
 .text.HAL_ETH_RxCpltCallback
                0x08005890       0x10 CMakeFiles/gimbal.elf.dir/LWIP/Target/ethernetif.c.obj
                0x08005890                HAL_ETH_RxCpltCallback
 .text.ethernetif_init
                0x080058a0       0x48 CMakeFiles/gimbal.elf.dir/LWIP/Target/ethernetif.c.obj
                0x080058a0                ethernetif_init
 .text.sys_now  0x080058e8        0x8 CMakeFiles/gimbal.elf.dir/LWIP/Target/ethernetif.c.obj
                0x080058e8                sys_now
 .text.ethernetif_set_link
                0x080058f0       0x4c CMakeFiles/gimbal.elf.dir/LWIP/Target/ethernetif.c.obj
                0x080058f0                ethernetif_set_link
 .text.ethernetif_notify_conn_changed
                0x0800593c        0x2 CMakeFiles/gimbal.elf.dir/LWIP/Target/ethernetif.c.obj
                0x0800593c                ethernetif_notify_conn_changed
 *fill*         0x0800593e        0x2 
 .text.ethernetif_update_config
                0x08005940       0xc8 CMakeFiles/gimbal.elf.dir/LWIP/Target/ethernetif.c.obj
                0x08005940                ethernetif_update_config
 .text.makeFreeRtosPriority
                0x08005a08        0xc CMakeFiles/gimbal.elf.dir/Middlewares/Third_Party/FreeRTOS/Source/CMSIS_RTOS/cmsis_os.c.obj
 .text.inHandlerMode
                0x08005a14        0xc CMakeFiles/gimbal.elf.dir/Middlewares/Third_Party/FreeRTOS/Source/CMSIS_RTOS/cmsis_os.c.obj
 .text.osKernelStart
                0x08005a20        0xa CMakeFiles/gimbal.elf.dir/Middlewares/Third_Party/FreeRTOS/Source/CMSIS_RTOS/cmsis_os.c.obj
                0x08005a20                osKernelStart
 .text.osKernelSysTick
                0x08005a2a       0x14 CMakeFiles/gimbal.elf.dir/Middlewares/Third_Party/FreeRTOS/Source/CMSIS_RTOS/cmsis_os.c.obj
                0x08005a2a                osKernelSysTick
 .text.osThreadCreate
                0x08005a3e       0x6a CMakeFiles/gimbal.elf.dir/Middlewares/Third_Party/FreeRTOS/Source/CMSIS_RTOS/cmsis_os.c.obj
                0x08005a3e                osThreadCreate
 .text.osDelay  0x08005aa8        0xe CMakeFiles/gimbal.elf.dir/Middlewares/Third_Party/FreeRTOS/Source/CMSIS_RTOS/cmsis_os.c.obj
                0x08005aa8                osDelay
 .text.osMutexCreate
                0x08005ab6       0x16 CMakeFiles/gimbal.elf.dir/Middlewares/Third_Party/FreeRTOS/Source/CMSIS_RTOS/cmsis_os.c.obj
                0x08005ab6                osMutexCreate
 .text.osMutexWait
                0x08005acc       0x60 CMakeFiles/gimbal.elf.dir/Middlewares/Third_Party/FreeRTOS/Source/CMSIS_RTOS/cmsis_os.c.obj
                0x08005acc                osMutexWait
 .text.osMutexRelease
                0x08005b2c       0x5a CMakeFiles/gimbal.elf.dir/Middlewares/Third_Party/FreeRTOS/Source/CMSIS_RTOS/cmsis_os.c.obj
                0x08005b2c                osMutexRelease
 .text.osSemaphoreCreate
                0x08005b86       0x48 CMakeFiles/gimbal.elf.dir/Middlewares/Third_Party/FreeRTOS/Source/CMSIS_RTOS/cmsis_os.c.obj
                0x08005b86                osSemaphoreCreate
 .text.osSemaphoreWait
                0x08005bce       0x5e CMakeFiles/gimbal.elf.dir/Middlewares/Third_Party/FreeRTOS/Source/CMSIS_RTOS/cmsis_os.c.obj
                0x08005bce                osSemaphoreWait
 .text.osSemaphoreRelease
                0x08005c2c       0x5a CMakeFiles/gimbal.elf.dir/Middlewares/Third_Party/FreeRTOS/Source/CMSIS_RTOS/cmsis_os.c.obj
                0x08005c2c                osSemaphoreRelease
 .text.osSemaphoreDelete
                0x08005c86       0x18 CMakeFiles/gimbal.elf.dir/Middlewares/Third_Party/FreeRTOS/Source/CMSIS_RTOS/cmsis_os.c.obj
                0x08005c86                osSemaphoreDelete
 .text.osMessageCreate
                0x08005c9e       0x2a CMakeFiles/gimbal.elf.dir/Middlewares/Third_Party/FreeRTOS/Source/CMSIS_RTOS/cmsis_os.c.obj
                0x08005c9e                osMessageCreate
 .text.osMessagePut
                0x08005cc8       0x66 CMakeFiles/gimbal.elf.dir/Middlewares/Third_Party/FreeRTOS/Source/CMSIS_RTOS/cmsis_os.c.obj
                0x08005cc8                osMessagePut
 .text.osMessageGet
                0x08005d2e       0x88 CMakeFiles/gimbal.elf.dir/Middlewares/Third_Party/FreeRTOS/Source/CMSIS_RTOS/cmsis_os.c.obj
                0x08005d2e                osMessageGet
 .text.osMessageWaiting
                0x08005db6       0x1a CMakeFiles/gimbal.elf.dir/Middlewares/Third_Party/FreeRTOS/Source/CMSIS_RTOS/cmsis_os.c.obj
                0x08005db6                osMessageWaiting
 .text.osMessageDelete
                0x08005dd0       0x18 CMakeFiles/gimbal.elf.dir/Middlewares/Third_Party/FreeRTOS/Source/CMSIS_RTOS/cmsis_os.c.obj
                0x08005dd0                osMessageDelete
 .text.vListInitialise
                0x08005de8       0x16 CMakeFiles/gimbal.elf.dir/Middlewares/Third_Party/FreeRTOS/Source/list.c.obj
                0x08005de8                vListInitialise
 .text.vListInitialiseItem
                0x08005dfe        0x6 CMakeFiles/gimbal.elf.dir/Middlewares/Third_Party/FreeRTOS/Source/list.c.obj
                0x08005dfe                vListInitialiseItem
 .text.vListInsertEnd
                0x08005e04       0x16 CMakeFiles/gimbal.elf.dir/Middlewares/Third_Party/FreeRTOS/Source/list.c.obj
                0x08005e04                vListInsertEnd
 .text.vListInsert
                0x08005e1a       0x32 CMakeFiles/gimbal.elf.dir/Middlewares/Third_Party/FreeRTOS/Source/list.c.obj
                0x08005e1a                vListInsert
 .text.uxListRemove
                0x08005e4c       0x26 CMakeFiles/gimbal.elf.dir/Middlewares/Third_Party/FreeRTOS/Source/list.c.obj
                0x08005e4c                uxListRemove
 *fill*         0x08005e72        0x2 
 .text.prvTaskExitError
                0x08005e74       0x40 CMakeFiles/gimbal.elf.dir/Middlewares/Third_Party/FreeRTOS/Source/portable/GCC/ARM_CM4F/port.c.obj
 .text.prvPortStartFirstTask
                0x08005eb4       0x28 CMakeFiles/gimbal.elf.dir/Middlewares/Third_Party/FreeRTOS/Source/portable/GCC/ARM_CM4F/port.c.obj
 .text.vPortEnableVFP
                0x08005edc       0x14 CMakeFiles/gimbal.elf.dir/Middlewares/Third_Party/FreeRTOS/Source/portable/GCC/ARM_CM4F/port.c.obj
 .text.pxPortInitialiseStack
                0x08005ef0       0x2c CMakeFiles/gimbal.elf.dir/Middlewares/Third_Party/FreeRTOS/Source/portable/GCC/ARM_CM4F/port.c.obj
                0x08005ef0                pxPortInitialiseStack
 *fill*         0x08005f1c        0x4 
 .text.SVC_Handler
                0x08005f20       0x24 CMakeFiles/gimbal.elf.dir/Middlewares/Third_Party/FreeRTOS/Source/portable/GCC/ARM_CM4F/port.c.obj
                0x08005f20                SVC_Handler
 .text.vPortEnterCritical
                0x08005f44       0x44 CMakeFiles/gimbal.elf.dir/Middlewares/Third_Party/FreeRTOS/Source/portable/GCC/ARM_CM4F/port.c.obj
                0x08005f44                vPortEnterCritical
 .text.vPortExitCritical
                0x08005f88       0x2c CMakeFiles/gimbal.elf.dir/Middlewares/Third_Party/FreeRTOS/Source/portable/GCC/ARM_CM4F/port.c.obj
                0x08005f88                vPortExitCritical
 *fill*         0x08005fb4        0xc 
 .text.PendSV_Handler
                0x08005fc0       0x64 CMakeFiles/gimbal.elf.dir/Middlewares/Third_Party/FreeRTOS/Source/portable/GCC/ARM_CM4F/port.c.obj
                0x08005fc0                PendSV_Handler
 .text.SysTick_Handler
                0x08006024       0x2c CMakeFiles/gimbal.elf.dir/Middlewares/Third_Party/FreeRTOS/Source/portable/GCC/ARM_CM4F/port.c.obj
                0x08006024                SysTick_Handler
 .text.vPortSetupTimerInterrupt
                0x08006050       0x28 CMakeFiles/gimbal.elf.dir/Middlewares/Third_Party/FreeRTOS/Source/portable/GCC/ARM_CM4F/port.c.obj
                0x08006050                vPortSetupTimerInterrupt
 .text.xPortStartScheduler
                0x08006078      0x118 CMakeFiles/gimbal.elf.dir/Middlewares/Third_Party/FreeRTOS/Source/portable/GCC/ARM_CM4F/port.c.obj
                0x08006078                xPortStartScheduler
 .text.vPortValidateInterruptPriority
                0x08006190       0x5c CMakeFiles/gimbal.elf.dir/Middlewares/Third_Party/FreeRTOS/Source/portable/GCC/ARM_CM4F/port.c.obj
                0x08006190                vPortValidateInterruptPriority
 .text.prvHeapInit
                0x080061ec       0x68 CMakeFiles/gimbal.elf.dir/Middlewares/Third_Party/FreeRTOS/Source/portable/MemMang/heap_4.c.obj
 .text.prvInsertBlockIntoFreeList
                0x08006254       0x64 CMakeFiles/gimbal.elf.dir/Middlewares/Third_Party/FreeRTOS/Source/portable/MemMang/heap_4.c.obj
 .text.pvPortMalloc
                0x080062b8       0xfc CMakeFiles/gimbal.elf.dir/Middlewares/Third_Party/FreeRTOS/Source/portable/MemMang/heap_4.c.obj
                0x080062b8                pvPortMalloc
 .text.vPortFree
                0x080063b4       0x7c CMakeFiles/gimbal.elf.dir/Middlewares/Third_Party/FreeRTOS/Source/portable/MemMang/heap_4.c.obj
                0x080063b4                vPortFree
 .text.xPortGetFreeHeapSize
                0x08006430        0xc CMakeFiles/gimbal.elf.dir/Middlewares/Third_Party/FreeRTOS/Source/portable/MemMang/heap_4.c.obj
                0x08006430                xPortGetFreeHeapSize
 .text.prvGetDisinheritPriorityAfterTimeout
                0x0800643c       0x10 CMakeFiles/gimbal.elf.dir/Middlewares/Third_Party/FreeRTOS/Source/queue.c.obj
 .text.prvIsQueueFull
                0x0800644c       0x1e CMakeFiles/gimbal.elf.dir/Middlewares/Third_Party/FreeRTOS/Source/queue.c.obj
 .text.prvIsQueueEmpty
                0x0800646a       0x1a CMakeFiles/gimbal.elf.dir/Middlewares/Third_Party/FreeRTOS/Source/queue.c.obj
 .text.prvCopyDataToQueue
                0x08006484       0x76 CMakeFiles/gimbal.elf.dir/Middlewares/Third_Party/FreeRTOS/Source/queue.c.obj
 .text.prvCopyDataFromQueue
                0x080064fa       0x24 CMakeFiles/gimbal.elf.dir/Middlewares/Third_Party/FreeRTOS/Source/queue.c.obj
 .text.prvUnlockQueue
                0x0800651e       0x6e CMakeFiles/gimbal.elf.dir/Middlewares/Third_Party/FreeRTOS/Source/queue.c.obj
 .text.xQueueGenericReset
                0x0800658c       0x84 CMakeFiles/gimbal.elf.dir/Middlewares/Third_Party/FreeRTOS/Source/queue.c.obj
                0x0800658c                xQueueGenericReset
 .text.prvInitialiseNewQueue
                0x08006610       0x1c CMakeFiles/gimbal.elf.dir/Middlewares/Third_Party/FreeRTOS/Source/queue.c.obj
 .text.xQueueGenericCreateStatic
                0x0800662c       0x94 CMakeFiles/gimbal.elf.dir/Middlewares/Third_Party/FreeRTOS/Source/queue.c.obj
                0x0800662c                xQueueGenericCreateStatic
 .text.xQueueGenericCreate
                0x080066c0       0x48 CMakeFiles/gimbal.elf.dir/Middlewares/Third_Party/FreeRTOS/Source/queue.c.obj
                0x080066c0                xQueueGenericCreate
 .text.xQueueGenericSend
                0x08006708      0x188 CMakeFiles/gimbal.elf.dir/Middlewares/Third_Party/FreeRTOS/Source/queue.c.obj
                0x08006708                xQueueGenericSend
 .text.prvInitialiseMutex
                0x08006890       0x18 CMakeFiles/gimbal.elf.dir/Middlewares/Third_Party/FreeRTOS/Source/queue.c.obj
 .text.xQueueCreateMutex
                0x080068a8       0x16 CMakeFiles/gimbal.elf.dir/Middlewares/Third_Party/FreeRTOS/Source/queue.c.obj
                0x080068a8                xQueueCreateMutex
 .text.xQueueCreateMutexStatic
                0x080068be       0x1e CMakeFiles/gimbal.elf.dir/Middlewares/Third_Party/FreeRTOS/Source/queue.c.obj
                0x080068be                xQueueCreateMutexStatic
 .text.xQueueGenericSendFromISR
                0x080068dc       0xce CMakeFiles/gimbal.elf.dir/Middlewares/Third_Party/FreeRTOS/Source/queue.c.obj
                0x080068dc                xQueueGenericSendFromISR
 .text.xQueueGiveFromISR
                0x080069aa       0xb2 CMakeFiles/gimbal.elf.dir/Middlewares/Third_Party/FreeRTOS/Source/queue.c.obj
                0x080069aa                xQueueGiveFromISR
 .text.xQueueReceive
                0x08006a5c      0x15e CMakeFiles/gimbal.elf.dir/Middlewares/Third_Party/FreeRTOS/Source/queue.c.obj
                0x08006a5c                xQueueReceive
 .text.xQueueSemaphoreTake
                0x08006bba      0x1a6 CMakeFiles/gimbal.elf.dir/Middlewares/Third_Party/FreeRTOS/Source/queue.c.obj
                0x08006bba                xQueueSemaphoreTake
 .text.xQueueReceiveFromISR
                0x08006d60       0xa8 CMakeFiles/gimbal.elf.dir/Middlewares/Third_Party/FreeRTOS/Source/queue.c.obj
                0x08006d60                xQueueReceiveFromISR
 .text.uxQueueMessagesWaiting
                0x08006e08       0x26 CMakeFiles/gimbal.elf.dir/Middlewares/Third_Party/FreeRTOS/Source/queue.c.obj
                0x08006e08                uxQueueMessagesWaiting
 .text.uxQueueMessagesWaitingFromISR
                0x08006e2e       0x18 CMakeFiles/gimbal.elf.dir/Middlewares/Third_Party/FreeRTOS/Source/queue.c.obj
                0x08006e2e                uxQueueMessagesWaitingFromISR
 *fill*         0x08006e46        0x2 
 .text.vQueueUnregisterQueue
                0x08006e48       0x2c CMakeFiles/gimbal.elf.dir/Middlewares/Third_Party/FreeRTOS/Source/queue.c.obj
                0x08006e48                vQueueUnregisterQueue
 .text.vQueueDelete
                0x08006e74       0x2c CMakeFiles/gimbal.elf.dir/Middlewares/Third_Party/FreeRTOS/Source/queue.c.obj
                0x08006e74                vQueueDelete
 .text.prvResetNextTaskUnblockTime
                0x08006ea0       0x2c CMakeFiles/gimbal.elf.dir/Middlewares/Third_Party/FreeRTOS/Source/tasks.c.obj
 .text.prvInitialiseNewTask
                0x08006ecc      0x106 CMakeFiles/gimbal.elf.dir/Middlewares/Third_Party/FreeRTOS/Source/tasks.c.obj
 *fill*         0x08006fd2        0x2 
 .text.prvInitialiseTaskLists
                0x08006fd4       0x68 CMakeFiles/gimbal.elf.dir/Middlewares/Third_Party/FreeRTOS/Source/tasks.c.obj
 .text.prvAddNewTaskToReadyList
                0x0800703c       0xa8 CMakeFiles/gimbal.elf.dir/Middlewares/Third_Party/FreeRTOS/Source/tasks.c.obj
 .text.prvDeleteTCB
                0x080070e4       0x40 CMakeFiles/gimbal.elf.dir/Middlewares/Third_Party/FreeRTOS/Source/tasks.c.obj
 .text.prvCheckTasksWaitingTermination
                0x08007124       0x4c CMakeFiles/gimbal.elf.dir/Middlewares/Third_Party/FreeRTOS/Source/tasks.c.obj
 .text.prvIdleTask
                0x08007170       0x28 CMakeFiles/gimbal.elf.dir/Middlewares/Third_Party/FreeRTOS/Source/tasks.c.obj
 .text.prvAddCurrentTaskToDelayedList
                0x08007198       0x98 CMakeFiles/gimbal.elf.dir/Middlewares/Third_Party/FreeRTOS/Source/tasks.c.obj
 .text.xTaskCreateStatic
                0x08007230       0x7a CMakeFiles/gimbal.elf.dir/Middlewares/Third_Party/FreeRTOS/Source/tasks.c.obj
                0x08007230                xTaskCreateStatic
 .text.xTaskCreate
                0x080072aa       0x6a CMakeFiles/gimbal.elf.dir/Middlewares/Third_Party/FreeRTOS/Source/tasks.c.obj
                0x080072aa                xTaskCreate
 .text.vTaskStartScheduler
                0x08007314       0x84 CMakeFiles/gimbal.elf.dir/Middlewares/Third_Party/FreeRTOS/Source/tasks.c.obj
                0x08007314                vTaskStartScheduler
 .text.vTaskSuspendAll
                0x08007398       0x10 CMakeFiles/gimbal.elf.dir/Middlewares/Third_Party/FreeRTOS/Source/tasks.c.obj
                0x08007398                vTaskSuspendAll
 .text.xTaskGetTickCount
                0x080073a8        0xc CMakeFiles/gimbal.elf.dir/Middlewares/Third_Party/FreeRTOS/Source/tasks.c.obj
                0x080073a8                xTaskGetTickCount
 .text.xTaskGetTickCountFromISR
                0x080073b4       0x10 CMakeFiles/gimbal.elf.dir/Middlewares/Third_Party/FreeRTOS/Source/tasks.c.obj
                0x080073b4                xTaskGetTickCountFromISR
 .text.xTaskIncrementTick
                0x080073c4      0x118 CMakeFiles/gimbal.elf.dir/Middlewares/Third_Party/FreeRTOS/Source/tasks.c.obj
                0x080073c4                xTaskIncrementTick
 .text.xTaskResumeAll
                0x080074dc       0xf8 CMakeFiles/gimbal.elf.dir/Middlewares/Third_Party/FreeRTOS/Source/tasks.c.obj
                0x080074dc                xTaskResumeAll
 .text.vTaskDelayUntil
                0x080075d4       0xa4 CMakeFiles/gimbal.elf.dir/Middlewares/Third_Party/FreeRTOS/Source/tasks.c.obj
                0x080075d4                vTaskDelayUntil
 .text.vTaskDelay
                0x08007678       0x4c CMakeFiles/gimbal.elf.dir/Middlewares/Third_Party/FreeRTOS/Source/tasks.c.obj
                0x08007678                vTaskDelay
 .text.vTaskSwitchContext
                0x080076c4       0xa4 CMakeFiles/gimbal.elf.dir/Middlewares/Third_Party/FreeRTOS/Source/tasks.c.obj
                0x080076c4                vTaskSwitchContext
 .text.vTaskPlaceOnEventList
                0x08007768       0x30 CMakeFiles/gimbal.elf.dir/Middlewares/Third_Party/FreeRTOS/Source/tasks.c.obj
                0x08007768                vTaskPlaceOnEventList
 .text.xTaskRemoveFromEventList
                0x08007798       0x8c CMakeFiles/gimbal.elf.dir/Middlewares/Third_Party/FreeRTOS/Source/tasks.c.obj
                0x08007798                xTaskRemoveFromEventList
 .text.vTaskInternalSetTimeOutState
                0x08007824       0x18 CMakeFiles/gimbal.elf.dir/Middlewares/Third_Party/FreeRTOS/Source/tasks.c.obj
                0x08007824                vTaskInternalSetTimeOutState
 .text.xTaskCheckForTimeOut
                0x0800783c       0x84 CMakeFiles/gimbal.elf.dir/Middlewares/Third_Party/FreeRTOS/Source/tasks.c.obj
                0x0800783c                xTaskCheckForTimeOut
 .text.vTaskMissedYield
                0x080078c0        0xc CMakeFiles/gimbal.elf.dir/Middlewares/Third_Party/FreeRTOS/Source/tasks.c.obj
                0x080078c0                vTaskMissedYield
 .text.xTaskGetSchedulerState
                0x080078cc       0x20 CMakeFiles/gimbal.elf.dir/Middlewares/Third_Party/FreeRTOS/Source/tasks.c.obj
                0x080078cc                xTaskGetSchedulerState
 .text.xTaskPriorityInherit
                0x080078ec       0xac CMakeFiles/gimbal.elf.dir/Middlewares/Third_Party/FreeRTOS/Source/tasks.c.obj
                0x080078ec                xTaskPriorityInherit
 .text.xTaskPriorityDisinherit
                0x08007998       0xb4 CMakeFiles/gimbal.elf.dir/Middlewares/Third_Party/FreeRTOS/Source/tasks.c.obj
                0x08007998                xTaskPriorityDisinherit
 .text.vTaskPriorityDisinheritAfterTimeout
                0x08007a4c       0xb4 CMakeFiles/gimbal.elf.dir/Middlewares/Third_Party/FreeRTOS/Source/tasks.c.obj
                0x08007a4c                vTaskPriorityDisinheritAfterTimeout
 .text.pvTaskIncrementMutexHeldCount
                0x08007b00       0x1c CMakeFiles/gimbal.elf.dir/Middlewares/Third_Party/FreeRTOS/Source/tasks.c.obj
                0x08007b00                pvTaskIncrementMutexHeldCount
 .text.netconn_apimsg
                0x08007b1c       0x16 CMakeFiles/gimbal.elf.dir/Middlewares/Third_Party/LwIP/src/api/api_lib.c.obj
 *fill*         0x08007b32        0x2 
 .text.netconn_tcp_recvd_msg
                0x08007b34       0x44 CMakeFiles/gimbal.elf.dir/Middlewares/Third_Party/LwIP/src/api/api_lib.c.obj
 .text.netconn_close_shutdown
                0x08007b78       0x44 CMakeFiles/gimbal.elf.dir/Middlewares/Third_Party/LwIP/src/api/api_lib.c.obj
 .text.netconn_new_with_proto_and_callback
                0x08007bbc       0xb8 CMakeFiles/gimbal.elf.dir/Middlewares/Third_Party/LwIP/src/api/api_lib.c.obj
                0x08007bbc                netconn_new_with_proto_and_callback
 .text.netconn_prepare_delete
                0x08007c74       0x24 CMakeFiles/gimbal.elf.dir/Middlewares/Third_Party/LwIP/src/api/api_lib.c.obj
                0x08007c74                netconn_prepare_delete
 .text.netconn_delete
                0x08007c98       0x1e CMakeFiles/gimbal.elf.dir/Middlewares/Third_Party/LwIP/src/api/api_lib.c.obj
                0x08007c98                netconn_delete
 *fill*         0x08007cb6        0x2 
 .text.netconn_bind
                0x08007cb8       0x4c CMakeFiles/gimbal.elf.dir/Middlewares/Third_Party/LwIP/src/api/api_lib.c.obj
                0x08007cb8                netconn_bind
 .text.netconn_connect
                0x08007d04       0x4c CMakeFiles/gimbal.elf.dir/Middlewares/Third_Party/LwIP/src/api/api_lib.c.obj
                0x08007d04                netconn_connect
 .text.netconn_write_vectors_partly
                0x08007d50      0x100 CMakeFiles/gimbal.elf.dir/Middlewares/Third_Party/LwIP/src/api/api_lib.c.obj
                0x08007d50                netconn_write_vectors_partly
 .text.netconn_write_partly
                0x08007e50       0x1a CMakeFiles/gimbal.elf.dir/Middlewares/Third_Party/LwIP/src/api/api_lib.c.obj
                0x08007e50                netconn_write_partly
 .text.netconn_close
                0x08007e6a        0xa CMakeFiles/gimbal.elf.dir/Middlewares/Third_Party/LwIP/src/api/api_lib.c.obj
                0x08007e6a                netconn_close
 .text.netconn_err
                0x08007e74       0x1e CMakeFiles/gimbal.elf.dir/Middlewares/Third_Party/LwIP/src/api/api_lib.c.obj
                0x08007e74                netconn_err
 *fill*         0x08007e92        0x2 
 .text.netconn_recv_data
                0x08007e94      0x124 CMakeFiles/gimbal.elf.dir/Middlewares/Third_Party/LwIP/src/api/api_lib.c.obj
 .text.netconn_recv_data_tcp
                0x08007fb8       0xa2 CMakeFiles/gimbal.elf.dir/Middlewares/Third_Party/LwIP/src/api/api_lib.c.obj
 *fill*         0x0800805a        0x2 
 .text.netconn_recv
                0x0800805c       0xb8 CMakeFiles/gimbal.elf.dir/Middlewares/Third_Party/LwIP/src/api/api_lib.c.obj
                0x0800805c                netconn_recv
 .text.lwip_netconn_err_to_msg
                0x08008114       0x50 CMakeFiles/gimbal.elf.dir/Middlewares/Third_Party/LwIP/src/api/api_msg.c.obj
 .text.recv_udp
                0x08008164       0xc4 CMakeFiles/gimbal.elf.dir/Middlewares/Third_Party/LwIP/src/api/api_msg.c.obj
 .text.setup_tcp
                0x08008228       0x40 CMakeFiles/gimbal.elf.dir/Middlewares/Third_Party/LwIP/src/api/api_msg.c.obj
 .text.pcb_new  0x08008268       0x88 CMakeFiles/gimbal.elf.dir/Middlewares/Third_Party/LwIP/src/api/api_msg.c.obj
 .text.err_tcp  0x080082f0      0x124 CMakeFiles/gimbal.elf.dir/Middlewares/Third_Party/LwIP/src/api/api_msg.c.obj
 .text.lwip_netconn_do_connected
                0x08008414       0xbc CMakeFiles/gimbal.elf.dir/Middlewares/Third_Party/LwIP/src/api/api_msg.c.obj
 .text.lwip_netconn_do_writemore
                0x080084d0      0x294 CMakeFiles/gimbal.elf.dir/Middlewares/Third_Party/LwIP/src/api/api_msg.c.obj
 .text.lwip_netconn_do_close_internal
                0x08008764      0x220 CMakeFiles/gimbal.elf.dir/Middlewares/Third_Party/LwIP/src/api/api_msg.c.obj
 .text.poll_tcp
                0x08008984       0x80 CMakeFiles/gimbal.elf.dir/Middlewares/Third_Party/LwIP/src/api/api_msg.c.obj
 .text.sent_tcp
                0x08008a04       0x74 CMakeFiles/gimbal.elf.dir/Middlewares/Third_Party/LwIP/src/api/api_msg.c.obj
 .text.recv_tcp
                0x08008a78       0xc8 CMakeFiles/gimbal.elf.dir/Middlewares/Third_Party/LwIP/src/api/api_msg.c.obj
 .text.lwip_netconn_is_err_msg
                0x08008b40       0x5c CMakeFiles/gimbal.elf.dir/Middlewares/Third_Party/LwIP/src/api/api_msg.c.obj
                0x08008b40                lwip_netconn_is_err_msg
 .text.lwip_netconn_do_newconn
                0x08008b9c       0x14 CMakeFiles/gimbal.elf.dir/Middlewares/Third_Party/LwIP/src/api/api_msg.c.obj
                0x08008b9c                lwip_netconn_do_newconn
 .text.netconn_alloc
                0x08008bb0       0x88 CMakeFiles/gimbal.elf.dir/Middlewares/Third_Party/LwIP/src/api/api_msg.c.obj
                0x08008bb0                netconn_alloc
 .text.netconn_free
                0x08008c38       0x78 CMakeFiles/gimbal.elf.dir/Middlewares/Third_Party/LwIP/src/api/api_msg.c.obj
                0x08008c38                netconn_free
 .text.netconn_drain
                0x08008cb0       0xaa CMakeFiles/gimbal.elf.dir/Middlewares/Third_Party/LwIP/src/api/api_msg.c.obj
 *fill*         0x08008d5a        0x2 
 .text.lwip_netconn_do_delconn
                0x08008d5c      0x148 CMakeFiles/gimbal.elf.dir/Middlewares/Third_Party/LwIP/src/api/api_msg.c.obj
                0x08008d5c                lwip_netconn_do_delconn
 .text.lwip_netconn_do_bind
                0x08008ea4       0x3a CMakeFiles/gimbal.elf.dir/Middlewares/Third_Party/LwIP/src/api/api_msg.c.obj
                0x08008ea4                lwip_netconn_do_bind
 *fill*         0x08008ede        0x2 
 .text.lwip_netconn_do_connect
                0x08008ee0       0xfc CMakeFiles/gimbal.elf.dir/Middlewares/Third_Party/LwIP/src/api/api_msg.c.obj
                0x08008ee0                lwip_netconn_do_connect
 .text.lwip_netconn_do_recv
                0x08008fdc       0x3c CMakeFiles/gimbal.elf.dir/Middlewares/Third_Party/LwIP/src/api/api_msg.c.obj
                0x08008fdc                lwip_netconn_do_recv
 .text.lwip_netconn_do_write
                0x08009018       0xd8 CMakeFiles/gimbal.elf.dir/Middlewares/Third_Party/LwIP/src/api/api_msg.c.obj
                0x08009018                lwip_netconn_do_write
 .text.lwip_netconn_do_close
                0x080090f0       0xcc CMakeFiles/gimbal.elf.dir/Middlewares/Third_Party/LwIP/src/api/api_msg.c.obj
                0x080090f0                lwip_netconn_do_close
 .text.netbuf_delete
                0x080091bc       0x20 CMakeFiles/gimbal.elf.dir/Middlewares/Third_Party/LwIP/src/api/netbuf.c.obj
                0x080091bc                netbuf_delete
 .text.tcpip_timeouts_mbox_fetch
                0x080091dc       0x60 CMakeFiles/gimbal.elf.dir/Middlewares/Third_Party/LwIP/src/api/tcpip.c.obj
 .text.tcpip_thread_handle_msg
                0x0800923c       0x60 CMakeFiles/gimbal.elf.dir/Middlewares/Third_Party/LwIP/src/api/tcpip.c.obj
 .text.tcpip_thread
                0x0800929c       0x54 CMakeFiles/gimbal.elf.dir/Middlewares/Third_Party/LwIP/src/api/tcpip.c.obj
 .text.tcpip_inpkt
                0x080092f0       0x64 CMakeFiles/gimbal.elf.dir/Middlewares/Third_Party/LwIP/src/api/tcpip.c.obj
                0x080092f0                tcpip_inpkt
 .text.tcpip_input
                0x08009354       0x24 CMakeFiles/gimbal.elf.dir/Middlewares/Third_Party/LwIP/src/api/tcpip.c.obj
                0x08009354                tcpip_input
 .text.tcpip_try_callback
                0x08009378       0x60 CMakeFiles/gimbal.elf.dir/Middlewares/Third_Party/LwIP/src/api/tcpip.c.obj
                0x08009378                tcpip_try_callback
 .text.tcpip_send_msg_wait_sem
                0x080093d8       0x20 CMakeFiles/gimbal.elf.dir/Middlewares/Third_Party/LwIP/src/api/tcpip.c.obj
                0x080093d8                tcpip_send_msg_wait_sem
 .text.tcpip_init
                0x080093f8       0x84 CMakeFiles/gimbal.elf.dir/Middlewares/Third_Party/LwIP/src/api/tcpip.c.obj
                0x080093f8                tcpip_init
 .text.lwip_htons
                0x0800947c        0xa CMakeFiles/gimbal.elf.dir/Middlewares/Third_Party/LwIP/src/core/def.c.obj
                0x0800947c                lwip_htons
 .text.lwip_htonl
                0x08009486       0x18 CMakeFiles/gimbal.elf.dir/Middlewares/Third_Party/LwIP/src/core/def.c.obj
                0x08009486                lwip_htonl
 .text.lwip_init
                0x0800949e       0x20 CMakeFiles/gimbal.elf.dir/Middlewares/Third_Party/LwIP/src/core/init.c.obj
                0x0800949e                lwip_init
 *fill*         0x080094be        0x2 
 .text.etharp_free_entry
                0x080094c0       0x34 CMakeFiles/gimbal.elf.dir/Middlewares/Third_Party/LwIP/src/core/ipv4/etharp.c.obj
 .text.etharp_find_entry
                0x080094f4      0x1c4 CMakeFiles/gimbal.elf.dir/Middlewares/Third_Party/LwIP/src/core/ipv4/etharp.c.obj
 .text.etharp_update_arp_entry
                0x080096b8       0xc4 CMakeFiles/gimbal.elf.dir/Middlewares/Third_Party/LwIP/src/core/ipv4/etharp.c.obj
 .text.etharp_raw
                0x0800977c       0xe8 CMakeFiles/gimbal.elf.dir/Middlewares/Third_Party/LwIP/src/core/ipv4/etharp.c.obj
 .text.etharp_request_dst
                0x08009864       0x24 CMakeFiles/gimbal.elf.dir/Middlewares/Third_Party/LwIP/src/core/ipv4/etharp.c.obj
 .text.etharp_cleanup_netif
                0x08009888       0x3c CMakeFiles/gimbal.elf.dir/Middlewares/Third_Party/LwIP/src/core/ipv4/etharp.c.obj
                0x08009888                etharp_cleanup_netif
 .text.etharp_input
                0x080098c4       0xb8 CMakeFiles/gimbal.elf.dir/Middlewares/Third_Party/LwIP/src/core/ipv4/etharp.c.obj
                0x080098c4                etharp_input
 .text.etharp_request
                0x0800997c       0x10 CMakeFiles/gimbal.elf.dir/Middlewares/Third_Party/LwIP/src/core/ipv4/etharp.c.obj
                0x0800997c                etharp_request
 .text.etharp_tmr
                0x0800998c       0x88 CMakeFiles/gimbal.elf.dir/Middlewares/Third_Party/LwIP/src/core/ipv4/etharp.c.obj
                0x0800998c                etharp_tmr
 .text.etharp_output_to_arp_index
                0x08009a14       0xdc CMakeFiles/gimbal.elf.dir/Middlewares/Third_Party/LwIP/src/core/ipv4/etharp.c.obj
 .text.etharp_query
                0x08009af0      0x1b4 CMakeFiles/gimbal.elf.dir/Middlewares/Third_Party/LwIP/src/core/ipv4/etharp.c.obj
                0x08009af0                etharp_query
 .text.etharp_output
                0x08009ca4      0x168 CMakeFiles/gimbal.elf.dir/Middlewares/Third_Party/LwIP/src/core/ipv4/etharp.c.obj
                0x08009ca4                etharp_output
 .text.icmp_send_response
                0x08009e0c       0xa8 CMakeFiles/gimbal.elf.dir/Middlewares/Third_Party/LwIP/src/core/ipv4/icmp.c.obj
 .text.icmp_input
                0x08009eb4      0x148 CMakeFiles/gimbal.elf.dir/Middlewares/Third_Party/LwIP/src/core/ipv4/icmp.c.obj
                0x08009eb4                icmp_input
 .text.icmp_dest_unreach
                0x08009ffc        0xc CMakeFiles/gimbal.elf.dir/Middlewares/Third_Party/LwIP/src/core/ipv4/icmp.c.obj
                0x08009ffc                icmp_dest_unreach
 .text.icmp_time_exceeded
                0x0800a008        0xc CMakeFiles/gimbal.elf.dir/Middlewares/Third_Party/LwIP/src/core/ipv4/icmp.c.obj
                0x0800a008                icmp_time_exceeded
 .text.ip4_input_accept
                0x0800a014       0x34 CMakeFiles/gimbal.elf.dir/Middlewares/Third_Party/LwIP/src/core/ipv4/ip4.c.obj
 .text.ip4_route
                0x0800a048       0xac CMakeFiles/gimbal.elf.dir/Middlewares/Third_Party/LwIP/src/core/ipv4/ip4.c.obj
                0x0800a048                ip4_route
 .text.ip4_input
                0x0800a0f4      0x1a0 CMakeFiles/gimbal.elf.dir/Middlewares/Third_Party/LwIP/src/core/ipv4/ip4.c.obj
                0x0800a0f4                ip4_input
 .text.ip4_output_if_src
                0x0800a294      0x100 CMakeFiles/gimbal.elf.dir/Middlewares/Third_Party/LwIP/src/core/ipv4/ip4.c.obj
                0x0800a294                ip4_output_if_src
 .text.ip4_output_if
                0x0800a394       0x2a CMakeFiles/gimbal.elf.dir/Middlewares/Third_Party/LwIP/src/core/ipv4/ip4.c.obj
                0x0800a394                ip4_output_if
 .text.ip4_addr_isbroadcast_u32
                0x0800a3be       0x40 CMakeFiles/gimbal.elf.dir/Middlewares/Third_Party/LwIP/src/core/ipv4/ip4_addr.c.obj
                0x0800a3be                ip4_addr_isbroadcast_u32
 *fill*         0x0800a3fe        0x2 
 .text.ip_reass_dequeue_datagram
                0x0800a400       0x48 CMakeFiles/gimbal.elf.dir/Middlewares/Third_Party/LwIP/src/core/ipv4/ip4_frag.c.obj
 .text.ip_reass_free_complete_datagram
                0x0800a448       0xfc CMakeFiles/gimbal.elf.dir/Middlewares/Third_Party/LwIP/src/core/ipv4/ip4_frag.c.obj
 .text.ip_reass_remove_oldest_datagram
                0x0800a544       0x78 CMakeFiles/gimbal.elf.dir/Middlewares/Third_Party/LwIP/src/core/ipv4/ip4_frag.c.obj
 .text.ip_frag_free_pbuf_custom_ref
                0x0800a5bc       0x2c CMakeFiles/gimbal.elf.dir/Middlewares/Third_Party/LwIP/src/core/ipv4/ip4_frag.c.obj
 .text.ipfrag_free_pbuf_custom
                0x0800a5e8       0x34 CMakeFiles/gimbal.elf.dir/Middlewares/Third_Party/LwIP/src/core/ipv4/ip4_frag.c.obj
 .text.ip_reass_chain_frag_into_datagram_and_validate
                0x0800a61c      0x1a0 CMakeFiles/gimbal.elf.dir/Middlewares/Third_Party/LwIP/src/core/ipv4/ip4_frag.c.obj
 .text.ip_frag_alloc_pbuf_custom_ref
                0x0800a7bc        0xa CMakeFiles/gimbal.elf.dir/Middlewares/Third_Party/LwIP/src/core/ipv4/ip4_frag.c.obj
 *fill*         0x0800a7c6        0x2 
 .text.ip_reass_enqueue_new_datagram
                0x0800a7c8       0x60 CMakeFiles/gimbal.elf.dir/Middlewares/Third_Party/LwIP/src/core/ipv4/ip4_frag.c.obj
 .text.ip_reass_tmr
                0x0800a828       0x2c CMakeFiles/gimbal.elf.dir/Middlewares/Third_Party/LwIP/src/core/ipv4/ip4_frag.c.obj
                0x0800a828                ip_reass_tmr
 .text.ip4_reass
                0x0800a854      0x210 CMakeFiles/gimbal.elf.dir/Middlewares/Third_Party/LwIP/src/core/ipv4/ip4_frag.c.obj
                0x0800a854                ip4_reass
 .text.ip4_frag
                0x0800aa64      0x1f0 CMakeFiles/gimbal.elf.dir/Middlewares/Third_Party/LwIP/src/core/ipv4/ip4_frag.c.obj
                0x0800aa64                ip4_frag
 .text.ptr_to_mem
                0x0800ac54        0xc CMakeFiles/gimbal.elf.dir/Middlewares/Third_Party/LwIP/src/core/mem.c.obj
 .text.mem_to_ptr
                0x0800ac60       0x10 CMakeFiles/gimbal.elf.dir/Middlewares/Third_Party/LwIP/src/core/mem.c.obj
 .text.mem_link_valid
                0x0800ac70       0x5c CMakeFiles/gimbal.elf.dir/Middlewares/Third_Party/LwIP/src/core/mem.c.obj
 .text.plug_holes
                0x0800accc      0x100 CMakeFiles/gimbal.elf.dir/Middlewares/Third_Party/LwIP/src/core/mem.c.obj
 .text.mem_init
                0x0800adcc       0x68 CMakeFiles/gimbal.elf.dir/Middlewares/Third_Party/LwIP/src/core/mem.c.obj
                0x0800adcc                mem_init
 .text.mem_free
                0x0800ae34       0xf0 CMakeFiles/gimbal.elf.dir/Middlewares/Third_Party/LwIP/src/core/mem.c.obj
                0x0800ae34                mem_free
 .text.mem_trim
                0x0800af24      0x19c CMakeFiles/gimbal.elf.dir/Middlewares/Third_Party/LwIP/src/core/mem.c.obj
                0x0800af24                mem_trim
 .text.mem_malloc
                0x0800b0c0      0x17c CMakeFiles/gimbal.elf.dir/Middlewares/Third_Party/LwIP/src/core/mem.c.obj
                0x0800b0c0                mem_malloc
 .text.do_memp_malloc_pool
                0x0800b23c       0x48 CMakeFiles/gimbal.elf.dir/Middlewares/Third_Party/LwIP/src/core/memp.c.obj
 .text.do_memp_free_pool
                0x0800b284       0x3c CMakeFiles/gimbal.elf.dir/Middlewares/Third_Party/LwIP/src/core/memp.c.obj
 .text.memp_init_pool
                0x0800b2c0       0x28 CMakeFiles/gimbal.elf.dir/Middlewares/Third_Party/LwIP/src/core/memp.c.obj
                0x0800b2c0                memp_init_pool
 .text.memp_init
                0x0800b2e8       0x20 CMakeFiles/gimbal.elf.dir/Middlewares/Third_Party/LwIP/src/core/memp.c.obj
                0x0800b2e8                memp_init
 .text.memp_malloc
                0x0800b308       0x34 CMakeFiles/gimbal.elf.dir/Middlewares/Third_Party/LwIP/src/core/memp.c.obj
                0x0800b308                memp_malloc
 .text.memp_free
                0x0800b33c       0x34 CMakeFiles/gimbal.elf.dir/Middlewares/Third_Party/LwIP/src/core/memp.c.obj
                0x0800b33c                memp_free
 .text.netif_do_set_netmask
                0x0800b370       0x18 CMakeFiles/gimbal.elf.dir/Middlewares/Third_Party/LwIP/src/core/netif.c.obj
 .text.netif_do_set_gw
                0x0800b388       0x18 CMakeFiles/gimbal.elf.dir/Middlewares/Third_Party/LwIP/src/core/netif.c.obj
 .text.netif_null_output_ip4
                0x0800b3a0        0x6 CMakeFiles/gimbal.elf.dir/Middlewares/Third_Party/LwIP/src/core/netif.c.obj
 .text.netif_do_ip_addr_changed
                0x0800b3a6       0x14 CMakeFiles/gimbal.elf.dir/Middlewares/Third_Party/LwIP/src/core/netif.c.obj
 *fill*         0x0800b3ba        0x2 
 .text.netif_issue_reports
                0x0800b3bc       0x4c CMakeFiles/gimbal.elf.dir/Middlewares/Third_Party/LwIP/src/core/netif.c.obj
 .text.netif_do_set_ipaddr
                0x0800b408       0x6c CMakeFiles/gimbal.elf.dir/Middlewares/Third_Party/LwIP/src/core/netif.c.obj
 .text.netif_init
                0x0800b474        0x2 CMakeFiles/gimbal.elf.dir/Middlewares/Third_Party/LwIP/src/core/netif.c.obj
                0x0800b474                netif_init
 *fill*         0x0800b476        0x2 
 .text.netif_set_addr
                0x0800b478       0x6c CMakeFiles/gimbal.elf.dir/Middlewares/Third_Party/LwIP/src/core/netif.c.obj
                0x0800b478                netif_set_addr
 .text.netif_add
                0x0800b4e4      0x124 CMakeFiles/gimbal.elf.dir/Middlewares/Third_Party/LwIP/src/core/netif.c.obj
                0x0800b4e4                netif_add
 .text.netif_set_default
                0x0800b608        0xc CMakeFiles/gimbal.elf.dir/Middlewares/Third_Party/LwIP/src/core/netif.c.obj
                0x0800b608                netif_set_default
 .text.netif_set_up
                0x0800b614       0x3c CMakeFiles/gimbal.elf.dir/Middlewares/Third_Party/LwIP/src/core/netif.c.obj
                0x0800b614                netif_set_up
 .text.netif_set_down
                0x0800b650       0x40 CMakeFiles/gimbal.elf.dir/Middlewares/Third_Party/LwIP/src/core/netif.c.obj
                0x0800b650                netif_set_down
 .text.netif_set_link_up
                0x0800b690       0x48 CMakeFiles/gimbal.elf.dir/Middlewares/Third_Party/LwIP/src/core/netif.c.obj
                0x0800b690                netif_set_link_up
 .text.netif_set_link_down
                0x0800b6d8       0x3c CMakeFiles/gimbal.elf.dir/Middlewares/Third_Party/LwIP/src/core/netif.c.obj
                0x0800b6d8                netif_set_link_down
 .text.netif_set_link_callback
                0x0800b714        0x6 CMakeFiles/gimbal.elf.dir/Middlewares/Third_Party/LwIP/src/core/netif.c.obj
                0x0800b714                netif_set_link_callback
 *fill*         0x0800b71a        0x2 
 .text.netif_get_by_index
                0x0800b71c       0x24 CMakeFiles/gimbal.elf.dir/Middlewares/Third_Party/LwIP/src/core/netif.c.obj
                0x0800b71c                netif_get_by_index
 .text.pbuf_init_alloced_pbuf
                0x0800b740       0x24 CMakeFiles/gimbal.elf.dir/Middlewares/Third_Party/LwIP/src/core/pbuf.c.obj
 .text.pbuf_add_header_impl
                0x0800b764       0x7c CMakeFiles/gimbal.elf.dir/Middlewares/Third_Party/LwIP/src/core/pbuf.c.obj
 .text.pbuf_pool_is_empty
                0x0800b7e0       0x3c CMakeFiles/gimbal.elf.dir/Middlewares/Third_Party/LwIP/src/core/pbuf.c.obj
 .text.pbuf_free_ooseq
                0x0800b81c       0x30 CMakeFiles/gimbal.elf.dir/Middlewares/Third_Party/LwIP/src/core/pbuf.c.obj
 .text.pbuf_free_ooseq_callback
                0x0800b84c        0x8 CMakeFiles/gimbal.elf.dir/Middlewares/Third_Party/LwIP/src/core/pbuf.c.obj
 .text.pbuf_alloc_reference
                0x0800b854       0x50 CMakeFiles/gimbal.elf.dir/Middlewares/Third_Party/LwIP/src/core/pbuf.c.obj
                0x0800b854                pbuf_alloc_reference
 .text.pbuf_alloced_custom
                0x0800b8a4       0x3e CMakeFiles/gimbal.elf.dir/Middlewares/Third_Party/LwIP/src/core/pbuf.c.obj
                0x0800b8a4                pbuf_alloced_custom
 .text.pbuf_add_header
                0x0800b8e2        0xa CMakeFiles/gimbal.elf.dir/Middlewares/Third_Party/LwIP/src/core/pbuf.c.obj
                0x0800b8e2                pbuf_add_header
 .text.pbuf_remove_header
                0x0800b8ec       0x6c CMakeFiles/gimbal.elf.dir/Middlewares/Third_Party/LwIP/src/core/pbuf.c.obj
                0x0800b8ec                pbuf_remove_header
 .text.pbuf_header_impl
                0x0800b958       0x14 CMakeFiles/gimbal.elf.dir/Middlewares/Third_Party/LwIP/src/core/pbuf.c.obj
 .text.pbuf_header_force